******************************************************************************
                  TI ARM Linker PC v18.12.1                    
******************************************************************************
>> Linked Fri Jul 12 19:30:58 2019

OUTPUT FILE NAME:   <Final_v1.out>
ENTRY POINT SYMBOL: "_c_int00_noargs"  address: 000033dd


MEMORY CONFIGURATION

         name            origin    length      used     unused   attr    fill
----------------------  --------  ---------  --------  --------  ----  --------
  FLASH                 00000000   00040000  00003b18  0003c4e8  R  X
  SRAM                  20000000   00008000  00005632  000029ce  RW X


SEGMENT ALLOCATION MAP

run origin  load origin   length   init length attrs members
----------  ----------- ---------- ----------- ----- -------
00000000    00000000    00003b20   00003b20    r-x
  00000000    00000000    0000026c   0000026c    r-- .intvecs
  0000026c    0000026c    00003468   00003468    r-x .text
  000036d8    000036d8    000003ec   000003ec    r-- .const
  00003ac8    00003ac8    00000058   00000058    r-- .cinit
20000000    20000000    00005634   00000000    rw-
  20000000    20000000    0000026c   00000000    rw- .vtable
  2000026c    2000026c    00005172   00000000    rw- .bss
  200053e0    200053e0    00000200   00000000    rw- .stack
  200055e0    200055e0    00000054   00000000    rw- .data


SECTION ALLOCATION MAP

 output                                  attributes/
section   page    origin      length       input sections
--------  ----  ----------  ----------   ----------------
.intvecs   0    00000000    0000026c     
                  00000000    0000026c     tm4c123gh6pm_startup_ccs.obj (.intvecs)

.text      0    0000026c    00003468     
                  0000026c    00000738     rtsv7M4_T_le_v4SPD16_eabi.lib : k_rem_pio2.c.obj (.text:__kernel_rem_pio2)
                  000009a4    000006ac     main.obj (.text)
                  00001050    000005dc     rtsv7M4_T_le_v4SPD16_eabi.lib : s_cos.c.obj (.text:cos)
                  0000162c    000005c4                                   : s_sin.c.obj (.text:sin)
                  00001bf0    00000260     fr_api.obj (.text)
                  00001e50    000001b6     rtsv7M4_T_le_v4SPD16_eabi.lib : fd_add_t2.asm.obj (.text)
                  00002006    00000002     --HOLE-- [fill = 0]
                  00002008    00000174                                   : k_sin.c.obj (.text:__kernel_sin)
                  0000217c    0000016c                                   : k_cos.c.obj (.text:__kernel_cos)
                  000022e8    00000136                                   : fd_div_t2.asm.obj (.text)
                  0000241e    00000132     driverlib.lib : gpio.obj (.text:GPIOPadConfigSet)
                  00002550    00000120     send_float.obj (.text)
                  00002670    00000118     encoder_init.obj (.text)
                  00002788    00000110     driverlib.lib : sysctl.obj (.text:SysCtlClockGet)
                  00002898    00000110     rtsv7M4_T_le_v4SPD16_eabi.lib : s_scalbn.c.obj (.text:scalbn)
                  000029a8    000000fc                                   : fd_mul_t2.asm.obj (.text)
                  00002aa4    000000f8                                   : s_floor.c.obj (.text:floor)
                  00002b9c    000000cc     pwm_init.obj (.text)
                  00002c68    000000bc     timer_init.obj (.text)
                  00002d24    000000b0     uart_init.obj (.text)
                  00002dd4    0000009c     rtsv7M4_T_le_v4SPD16_eabi.lib : memcpy_t2.asm.obj (.text)
                  00002e70    00000086                                   : fd_cmp_t2.asm.obj (.text:__aeabi_cdcmple)
                  00002ef6    00000086                                   : fd_cmp_t2.asm.obj (.text:__aeabi_cdrcmple)
                  00002f7c    0000007a                                   : memset_t2.asm.obj (.text)
                  00002ff6    0000006e                                   : fd_tos_t2.asm.obj (.text)
                  00003064    00000068     driverlib.lib : interrupt.obj (.text:IntEnable)
                  000030cc    00000068     rtsv7M4_T_le_v4SPD16_eabi.lib : copy_decompress_lzss.c.obj (.text:decompress:lzss:__TI_decompress_lzss)
                  00003134    00000060     driverlib.lib : timer.obj (.text:TimerConfigure)
                  00003194    0000004c                   : timer.obj (.text:_TimerIntNumberGet)
                  000031e0    00000048                   : gpio.obj (.text:GPIOPinConfigure)
                  00003228    00000048     rtsv7M4_T_le_v4SPD16_eabi.lib : fd_toi_t2.asm.obj (.text)
                  00003270    00000046     driverlib.lib : uart.obj (.text:UARTConfigSetExpClk)
                  000032b6    00000002     --HOLE-- [fill = 0]
                  000032b8    00000044     rtsv7M4_T_le_v4SPD16_eabi.lib : autoinit.c.obj (.text:__TI_auto_init_nobinit_nopinit:__TI_auto_init_nobinit_nopinit)
                  000032fc    00000040     driverlib.lib : uart.obj (.text:_UARTIntNumberGet)
                  0000333c    00000038     rtsv7M4_T_le_v4SPD16_eabi.lib : fs_tod_t2.asm.obj (.text)
                  00003374    00000034     driverlib.lib : interrupt.obj (.text:IntRegister)
                  000033a8    00000034                   : sysctl.obj (.text:SysCtlPeripheralEnable)
                  000033dc    00000034     rtsv7M4_T_le_v4SPD16_eabi.lib : boot_cortex_m.c.obj (.text:_c_int00_noargs:_c_int00_noargs)
                  00003410    0000002e                                   : i_tofd_t2.asm.obj (.text)
                  0000343e    0000002a     driverlib.lib : gpio.obj (.text:GPIODirModeSet)
                  00003468    00000022                   : pwm.obj (.text:PWMGenConfigure)
                  0000348a    00000002     --HOLE-- [fill = 0]
                  0000348c    00000020                   : uart.obj (.text:UARTDisable)
                  000034ac    0000001e                   : pwm.obj (.text:PWMPulseWidthSet)
                  000034ca    0000001a     rtsv7M4_T_le_v4SPD16_eabi.lib : s_copysign.c.obj (.text:copysign)
                  000034e4    00000018     driverlib.lib : gpio.obj (.text:GPIOPinTypeGPIOOutput)
                  000034fc    00000018                   : timer.obj (.text:TimerDisable)
                  00003514    00000018                   : timer.obj (.text:TimerIntRegister)
                  0000352c    00000018                   : uart.obj (.text:UARTIntRegister)
                  00003544    00000014                   : sysctl.obj (.text:SysCtlPWMClockSet)
                  00003558    00000014                   : uart.obj (.text:UARTEnable)
                  0000356c    00000012                   : gpio.obj (.text:GPIOPinTypePWM)
                  0000357e    00000012                   : gpio.obj (.text:GPIOPinTypeQEI)
                  00003590    00000012                   : gpio.obj (.text:GPIOPinTypeUART)
                  000035a2    00000012                   : pwm.obj (.text:PWMOutputState)
                  000035b4    00000012                   : timer.obj (.text:TimerLoadSet)
                  000035c6    00000010                   : interrupt.obj (.text:IntMasterEnable)
                  000035d6    00000010                   : pwm.obj (.text:PWMGenPeriodSet)
                  000035e6    00000010                   : qei.obj (.text:QEIVelocityConfigure)
                  000035f6    0000000e                   : qei.obj (.text:QEIConfigure)
                  00003604    0000000e                   : timer.obj (.text:TimerEnable)
                  00003612    0000000e                   : uart.obj (.text:UARTCharGetNonBlocking)
                  00003620    0000000e     rtsv7M4_T_le_v4SPD16_eabi.lib : copy_decompress_none.c.obj (.text:decompress:none:__TI_decompress_none)
                  0000362e    0000000c     driverlib.lib : cpu.obj (.text:CPUcpsie)
                  0000363a    0000000c                   : pwm.obj (.text:PWMGenDisable)
                  00003646    0000000c                   : pwm.obj (.text:PWMGenEnable)
                  00003652    0000000c     rtsv7M4_T_le_v4SPD16_eabi.lib : copy_zero_init.c.obj (.text:decompress:ZI:__TI_zero_init)
                  0000365e    0000000c     tm4c123gh6pm_startup_ccs.obj (.text)
                  0000366a    0000000a     driverlib.lib : qei.obj (.text:QEIDisable)
                  00003674    0000000a                   : qei.obj (.text:QEIEnable)
                  0000367e    0000000a                   : qei.obj (.text:QEIVelocityEnable)
                  00003688    0000000a                   : uart.obj (.text:UARTCharPut)
                  00003692    00000008                   : timer.obj (.text:TimerIntEnable)
                  0000369a    00000008                   : uart.obj (.text:UARTIntEnable)
                  000036a2    00000002     --HOLE-- [fill = 0]
                  000036a4    00000008     rtsv7M4_T_le_v4SPD16_eabi.lib : errno.c.obj (.text:__aeabi_errno_addr)
                  000036ac    00000006     driverlib.lib : gpio.obj (.text:GPIOPinWrite)
                  000036b2    00000006                   : sysctl.obj (.text:SysCtlDelay)
                  000036b8    00000004                   : qei.obj (.text:QEIPositionGet)
                  000036bc    00000004                   : qei.obj (.text:QEIPositionSet)
                  000036c0    00000004                   : qei.obj (.text:QEIVelocityGet)
                  000036c4    00000004                   : timer.obj (.text:TimerIntClear)
                  000036c8    00000004                   : uart.obj (.text:UARTIntClear)
                  000036cc    00000004     rtsv7M4_T_le_v4SPD16_eabi.lib : pre_init.c.obj (.text:_system_pre_init)
                  000036d0    00000004                                   : exit.c.obj (.text:abort:abort)

.const     0    000036d8    000003ec     
                  000036d8    00000158     rtsv7M4_T_le_v4SPD16_eabi.lib : k_rem_pio2.c.obj (.const:$O1$$)
                  00003830    00000090     driverlib.lib : gpio.obj (.const:g_pui32GPIOBaseAddrs)
                  000038c0    00000070                   : interrupt.obj (.const)
                  00003930    0000006c                   : sysctl.obj (.const:g_pui32Xtals)
                  0000399c    00000060                   : timer.obj (.const:g_ppui32TimerIntMap)
                  000039fc    00000040                   : timer.obj (.const:g_ppui32TimerIntMapSnowflake)
                  00003a3c    00000040                   : uart.obj (.const:g_ppui32UARTIntMap)
                  00003a7c    00000040                   : uart.obj (.const:g_ppui32UARTIntMapSnowflake)
                  00003abc    00000008     fr_api.obj (.const:.string:$P$T0$1)

.cinit     0    00003ac8    00000058     
                  00003ac8    00000022     (.cinit..data.load) [load image, compression = lzss]
                  00003aea    00000002     --HOLE-- [fill = 0]
                  00003aec    0000000c     (__TI_handler_table)
                  00003af8    00000008     (.cinit..bss.load) [load image, compression = zero_init]
                  00003b00    00000008     (.cinit..vtable.load) [load image, compression = zero_init]
                  00003b08    00000018     (__TI_cinit_table)

.init_array 
*          0    00000000    00000000     UNINITIALIZED

.vtable    0    20000000    0000026c     UNINITIALIZED
                  20000000    0000026c     driverlib.lib : interrupt.obj (.vtable)

.bss       0    2000026c    00005172     UNINITIALIZED
                  2000026c    00001900     (.common:store)
                  20001b6c    000012c0     (.common:wh1)
                  20002e2c    000012c0     (.common:wh2)
                  200040ec    00000640     (.common:timestamp)
                  2000472c    00000640     (.common:x)
                  20004d6c    00000640     (.common:y)
                  200053ac    00000004     (.common:d1)
                  200053b0    00000004     (.common:d2)
                  200053b4    00000004     (.common:dc1)
                  200053b8    00000004     (.common:dc2)
                  200053bc    00000004     (.common:e1)
                  200053c0    00000004     (.common:e2)
                  200053c4    00000004     (.common:sum1)
                  200053c8    00000004     (.common:sum2)
                  200053cc    00000004     (.common:t1)
                  200053d0    00000004     (.common:t2)
                  200053d4    00000004     (.common:v1)
                  200053d8    00000004     (.common:v2)
                  200053dc    00000001     (.common:a)
                  200053dd    00000001     (.common:state1)

.data      0    200055e0    00000054     UNINITIALIZED
                  200055e0    00000044     main.obj (.data)
                  20005624    00000008     fr_api.obj (.data)
                  2000562c    00000004     rtsv7M4_T_le_v4SPD16_eabi.lib : errno.c.obj (.data)
                  20005630    00000004     send_float.obj (.data)

.stack     0    200053e0    00000200     UNINITIALIZED
                  200053e0    00000004     rtsv7M4_T_le_v4SPD16_eabi.lib : boot_cortex_m.c.obj (.stack)
                  200053e4    000001fc     --HOLE--

MODULE SUMMARY

       Module                         code    ro data   rw data
       ------                         ----    -------   -------
    .\
       main.obj                       1708    0         14518  
       send_float.obj                 288     0         6404   
       tm4c123gh6pm_startup_ccs.obj   12      620       0      
       fr_api.obj                     608     8         8      
       encoder_init.obj               280     0         0      
       pwm_init.obj                   204     0         0      
       timer_init.obj                 188     0         0      
       uart_init.obj                  176     0         0      
    +--+------------------------------+-------+---------+---------+
       Total:                         3464    628       20930  
                                                               
    C:/ti/TivaWare_C_Series-2.1.4.178/driverlib/ccs/Debug/driverlib.lib
       interrupt.obj                  172     112       620    
       gpio.obj                       504     144       0      
       sysctl.obj                     350     108       0      
       timer.obj                      264     160       0      
       uart.obj                       246     128       0      
       pwm.obj                        122     0         0      
       qei.obj                        72      0         0      
       cpu.obj                        12      0         0      
    +--+------------------------------+-------+---------+---------+
       Total:                         1742    652       620    
                                                               
    C:\ti\ccs901\ccs\tools\compiler\ti-cgt-arm_18.12.1.LTS\lib\rtsv7M4_T_le_v4SPD16_eabi.lib
       k_rem_pio2.c.obj               1848    344       0      
       s_cos.c.obj                    1500    0         0      
       s_sin.c.obj                    1476    0         0      
       fd_add_t2.asm.obj              438     0         0      
       k_sin.c.obj                    372     0         0      
       k_cos.c.obj                    364     0         0      
       fd_div_t2.asm.obj              310     0         0      
       s_scalbn.c.obj                 272     0         0      
       fd_cmp_t2.asm.obj              268     0         0      
       fd_mul_t2.asm.obj              252     0         0      
       s_floor.c.obj                  248     0         0      
       memcpy_t2.asm.obj              156     0         0      
       memset_t2.asm.obj              122     0         0      
       fd_tos_t2.asm.obj              110     0         0      
       copy_decompress_lzss.c.obj     104     0         0      
       fd_toi_t2.asm.obj              72      0         0      
       autoinit.c.obj                 68      0         0      
       fs_tod_t2.asm.obj              56      0         0      
       boot_cortex_m.c.obj            52      0         0      
       i_tofd_t2.asm.obj              46      0         0      
       s_copysign.c.obj               26      0         0      
       copy_decompress_none.c.obj     14      0         0      
       copy_zero_init.c.obj           12      0         0      
       errno.c.obj                    8       0         4      
       exit.c.obj                     4       0         0      
       pre_init.c.obj                 4       0         0      
    +--+------------------------------+-------+---------+---------+
       Total:                         8202    344       4      
                                                               
       Stack:                         0       0         512    
       Linker Generated:              0       86        0      
    +--+------------------------------+-------+---------+---------+
       Grand Total:                   13408   1710      22066  


LINKER GENERATED COPY TABLES

__TI_cinit_table @ 00003b08 records: 3, size/record: 8, table size: 24
	.data: load addr=00003ac8, load size=00000022 bytes, run addr=200055e0, run size=00000054 bytes, compression=lzss
	.bss: load addr=00003af8, load size=00000008 bytes, run addr=2000026c, run size=00005172 bytes, compression=zero_init
	.vtable: load addr=00003b00, load size=00000008 bytes, run addr=20000000, run size=0000026c bytes, compression=zero_init


LINKER GENERATED HANDLER TABLE

__TI_handler_table @ 00003aec records: 3, size/record: 4, table size: 12
	index: 0, handler: __TI_zero_init
	index: 1, handler: __TI_decompress_lzss
	index: 2, handler: __TI_decompress_none


GLOBAL SYMBOLS: SORTED ALPHABETICALLY BY Name 

address   name                          
-------   ----                          
000036d1  C$$EXIT                       
0000362f  CPUcpsie                      
0000343f  GPIODirModeSet                
0000241f  GPIOPadConfigSet              
000031e1  GPIOPinConfigure              
000034e5  GPIOPinTypeGPIOOutput         
0000356d  GPIOPinTypePWM                
0000357f  GPIOPinTypeQEI                
00003591  GPIOPinTypeUART               
000036ad  GPIOPinWrite                  
00003065  IntEnable                     
000035c7  IntMasterEnable               
00003375  IntRegister                   
00000a43  PID_ISR                       
00003469  PWMGenConfigure               
0000363b  PWMGenDisable                 
00003647  PWMGenEnable                  
000035d7  PWMGenPeriodSet               
000035a3  PWMOutputState                
000034ad  PWMPulseWidthSet              
000035f7  QEIConfigure                  
0000366b  QEIDisable                    
00003675  QEIEnable                     
000036b9  QEIPositionGet                
000036bd  QEIPositionSet                
000035e7  QEIVelocityConfigure          
0000367f  QEIVelocityEnable             
000036c1  QEIVelocityGet                
0000365f  ResetISR                      
00002789  SysCtlClockGet                
000036b3  SysCtlDelay                   
00003545  SysCtlPWMClockSet             
000033a9  SysCtlPeripheralEnable        
000009a5  Tim_ISR                       
00003135  TimerConfigure                
000034fd  TimerDisable                  
00003605  TimerEnable                   
000036c5  TimerIntClear                 
00003693  TimerIntEnable                
00003515  TimerIntRegister              
000035b5  TimerLoadSet                  
00002c69  Timer_init                    
00003613  UARTCharGetNonBlocking        
00003689  UARTCharPut                   
00003271  UARTConfigSetExpClk           
0000348d  UARTDisable                   
00003559  UARTEnable                    
000036c9  UARTIntClear                  
0000369b  UARTIntEnable                 
0000352d  UARTIntRegister               
00000bd9  Uart_ISR                      
200055e0  __STACK_END                   
00000200  __STACK_SIZE                  
200055e0  __STACK_TOP                   
00003b08  __TI_CINIT_Base               
00003b20  __TI_CINIT_Limit              
00003aec  __TI_Handler_Table_Base       
00003af8  __TI_Handler_Table_Limit      
000032b9  __TI_auto_init_nobinit_nopinit
000030cd  __TI_decompress_lzss          
00003621  __TI_decompress_none          
ffffffff  __TI_pprof_out_hndl           
ffffffff  __TI_prof_data_size           
ffffffff  __TI_prof_data_start          
00000000  __TI_static_base__            
00003653  __TI_zero_init                
00002e71  __aeabi_cdcmpeq               
00002e71  __aeabi_cdcmple               
00002ef7  __aeabi_cdrcmple              
00002ff7  __aeabi_d2f                   
00003229  __aeabi_d2iz                  
00001e5b  __aeabi_dadd                  
000022e9  __aeabi_ddiv                  
000029a9  __aeabi_dmul                  
00001e51  __aeabi_dsub                  
000036a5  __aeabi_errno_addr            
0000333d  __aeabi_f2d                   
00003411  __aeabi_i2d                   
00002f7d  __aeabi_memclr                
00002f7d  __aeabi_memclr4               
00002f7d  __aeabi_memclr8               
00002dd5  __aeabi_memcpy                
00002dd5  __aeabi_memcpy4               
00002dd5  __aeabi_memcpy8               
00002f7f  __aeabi_memset                
00002f7f  __aeabi_memset4               
00002f7f  __aeabi_memset8               
ffffffff  __binit__                     
ffffffff  __c_args__                    
0000217d  __kernel_cos                  
0000026d  __kernel_rem_pio2             
00002009  __kernel_sin                  
UNDEFED   __mpu_init                    
200053e0  __stack                       
000033dd  _c_int00_noargs               
UNDEFED   _system_post_cinit            
000036cd  _system_pre_init              
200053dc  a                             
000036d1  abort                         
ffffffff  binit                         
000034cb  copysign                      
000034cb  copysignl                     
00001051  cos                           
00001051  cosl                          
200053ac  d1                            
200053b0  d2                            
200053b4  dc1                           
200053b8  dc2                           
20005614  disp                          
2000560c  dtheta                        
200053bc  e1                            
200053c0  e2                            
00002671  encoder_init                  
2000562c  errno                         
00002aa5  floor                         
00002aa5  floorl                        
00001bf1  fr_api                        
20000000  g_pfnRAMVectors               
00000000  g_pfnVectors                  
200055f8  ki1                           
20005600  ki2                           
200055f4  kp1                           
200055fc  kp2                           
20005604  lL                            
20005608  lR                            
00002899  ldexp                         
00002899  ldexpl                        
20005630  m                             
200055e0  m1                            
200055e4  m2                            
00000d69  main                          
00002dd5  memcpy                        
00002f85  memset                        
00002b9d  pwm_init                      
20005628  r                             
200055e8  r1                            
200055ec  r2                            
2000561c  read_ptr                      
20005624  s                             
00002899  scalbn                        
00002899  scalbnl                       
00002551  send_float                    
20005620  send_ptr                      
0000162d  sin                           
0000162d  sinl                          
200053dd  state1                        
2000026c  store                         
20005618  store_ptr                     
200053c4  sum1                          
200053c8  sum2                          
200055f0  t                             
200053cc  t1                            
200053d0  t2                            
20005610  theta                         
200040ec  timestamp                     
00002d25  uart_init                     
200053d4  v1                            
200053d8  v2                            
20001b6c  wh1                           
20002e2c  wh2                           
2000472c  x                             
20004d6c  y                             


GLOBAL SYMBOLS: SORTED BY Symbol Address 

address   name                          
-------   ----                          
00000000  __TI_static_base__            
00000000  g_pfnVectors                  
00000200  __STACK_SIZE                  
0000026d  __kernel_rem_pio2             
000009a5  Tim_ISR                       
00000a43  PID_ISR                       
00000bd9  Uart_ISR                      
00000d69  main                          
00001051  cos                           
00001051  cosl                          
0000162d  sin                           
0000162d  sinl                          
00001bf1  fr_api                        
00001e51  __aeabi_dsub                  
00001e5b  __aeabi_dadd                  
00002009  __kernel_sin                  
0000217d  __kernel_cos                  
000022e9  __aeabi_ddiv                  
0000241f  GPIOPadConfigSet              
00002551  send_float                    
00002671  encoder_init                  
00002789  SysCtlClockGet                
00002899  ldexp                         
00002899  ldexpl                        
00002899  scalbn                        
00002899  scalbnl                       
000029a9  __aeabi_dmul                  
00002aa5  floor                         
00002aa5  floorl                        
00002b9d  pwm_init                      
00002c69  Timer_init                    
00002d25  uart_init                     
00002dd5  __aeabi_memcpy                
00002dd5  __aeabi_memcpy4               
00002dd5  __aeabi_memcpy8               
00002dd5  memcpy                        
00002e71  __aeabi_cdcmpeq               
00002e71  __aeabi_cdcmple               
00002ef7  __aeabi_cdrcmple              
00002f7d  __aeabi_memclr                
00002f7d  __aeabi_memclr4               
00002f7d  __aeabi_memclr8               
00002f7f  __aeabi_memset                
00002f7f  __aeabi_memset4               
00002f7f  __aeabi_memset8               
00002f85  memset                        
00002ff7  __aeabi_d2f                   
00003065  IntEnable                     
000030cd  __TI_decompress_lzss          
00003135  TimerConfigure                
000031e1  GPIOPinConfigure              
00003229  __aeabi_d2iz                  
00003271  UARTConfigSetExpClk           
000032b9  __TI_auto_init_nobinit_nopinit
0000333d  __aeabi_f2d                   
00003375  IntRegister                   
000033a9  SysCtlPeripheralEnable        
000033dd  _c_int00_noargs               
00003411  __aeabi_i2d                   
0000343f  GPIODirModeSet                
00003469  PWMGenConfigure               
0000348d  UARTDisable                   
000034ad  PWMPulseWidthSet              
000034cb  copysign                      
000034cb  copysignl                     
000034e5  GPIOPinTypeGPIOOutput         
000034fd  TimerDisable                  
00003515  TimerIntRegister              
0000352d  UARTIntRegister               
00003545  SysCtlPWMClockSet             
00003559  UARTEnable                    
0000356d  GPIOPinTypePWM                
0000357f  GPIOPinTypeQEI                
00003591  GPIOPinTypeUART               
000035a3  PWMOutputState                
000035b5  TimerLoadSet                  
000035c7  IntMasterEnable               
000035d7  PWMGenPeriodSet               
000035e7  QEIVelocityConfigure          
000035f7  QEIConfigure                  
00003605  TimerEnable                   
00003613  UARTCharGetNonBlocking        
00003621  __TI_decompress_none          
0000362f  CPUcpsie                      
0000363b  PWMGenDisable                 
00003647  PWMGenEnable                  
00003653  __TI_zero_init                
0000365f  ResetISR                      
0000366b  QEIDisable                    
00003675  QEIEnable                     
0000367f  QEIVelocityEnable             
00003689  UARTCharPut                   
00003693  TimerIntEnable                
0000369b  UARTIntEnable                 
000036a5  __aeabi_errno_addr            
000036ad  GPIOPinWrite                  
000036b3  SysCtlDelay                   
000036b9  QEIPositionGet                
000036bd  QEIPositionSet                
000036c1  QEIVelocityGet                
000036c5  TimerIntClear                 
000036c9  UARTIntClear                  
000036cd  _system_pre_init              
000036d1  C$$EXIT                       
000036d1  abort                         
00003aec  __TI_Handler_Table_Base       
00003af8  __TI_Handler_Table_Limit      
00003b08  __TI_CINIT_Base               
00003b20  __TI_CINIT_Limit              
20000000  g_pfnRAMVectors               
2000026c  store                         
20001b6c  wh1                           
20002e2c  wh2                           
200040ec  timestamp                     
2000472c  x                             
20004d6c  y                             
200053ac  d1                            
200053b0  d2                            
200053b4  dc1                           
200053b8  dc2                           
200053bc  e1                            
200053c0  e2                            
200053c4  sum1                          
200053c8  sum2                          
200053cc  t1                            
200053d0  t2                            
200053d4  v1                            
200053d8  v2                            
200053dc  a                             
200053dd  state1                        
200053e0  __stack                       
200055e0  __STACK_END                   
200055e0  __STACK_TOP                   
200055e0  m1                            
200055e4  m2                            
200055e8  r1                            
200055ec  r2                            
200055f0  t                             
200055f4  kp1                           
200055f8  ki1                           
200055fc  kp2                           
20005600  ki2                           
20005604  lL                            
20005608  lR                            
2000560c  dtheta                        
20005610  theta                         
20005614  disp                          
20005618  store_ptr                     
2000561c  read_ptr                      
20005620  send_ptr                      
20005624  s                             
20005628  r                             
2000562c  errno                         
20005630  m                             
ffffffff  __TI_pprof_out_hndl           
ffffffff  __TI_prof_data_size           
ffffffff  __TI_prof_data_start          
ffffffff  __binit__                     
ffffffff  __c_args__                    
ffffffff  binit                         
UNDEFED   __mpu_init                    
UNDEFED   _system_post_cinit            

[162 symbols]
