<?xml version="1.0" encoding="ISO-8859-1" ?>
<link_info>
   <banner>TI ARM Linker PC v18.12.1.LTS</banner>
   <copyright>Copyright (c) 1996-2018 Texas Instruments Incorporated</copyright>
   <link_time>0x5d28929a</link_time>
   <link_errors>0x0</link_errors>
   <output_file>Final_v1.out</output_file>
   <entry_point>
      <name>_c_int00_noargs</name>
      <address>0x33dd</address>
   </entry_point>
   <input_file_list>
      <input_file id="fl-2">
         <path>.\</path>
         <kind>object</kind>
         <file>encoder_init.obj</file>
         <name>encoder_init.obj</name>
      </input_file>
      <input_file id="fl-3">
         <path>.\</path>
         <kind>object</kind>
         <file>fr_api.obj</file>
         <name>fr_api.obj</name>
      </input_file>
      <input_file id="fl-4">
         <path>.\</path>
         <kind>object</kind>
         <file>main.obj</file>
         <name>main.obj</name>
      </input_file>
      <input_file id="fl-5">
         <path>.\</path>
         <kind>object</kind>
         <file>pwm_init.obj</file>
         <name>pwm_init.obj</name>
      </input_file>
      <input_file id="fl-6">
         <path>.\</path>
         <kind>object</kind>
         <file>send_float.obj</file>
         <name>send_float.obj</name>
      </input_file>
      <input_file id="fl-7">
         <path>.\</path>
         <kind>object</kind>
         <file>timer_init.obj</file>
         <name>timer_init.obj</name>
      </input_file>
      <input_file id="fl-8">
         <path>.\</path>
         <kind>object</kind>
         <file>tm4c123gh6pm_startup_ccs.obj</file>
         <name>tm4c123gh6pm_startup_ccs.obj</name>
      </input_file>
      <input_file id="fl-9">
         <path>.\</path>
         <kind>object</kind>
         <file>uart_init.obj</file>
         <name>uart_init.obj</name>
      </input_file>
      <input_file id="fl-e">
         <kind>object</kind>
         <file>&lt;internal&gt;</file>
         <name>&lt;internal&gt;</name>
      </input_file>
      <input_file id="fl-f">
         <path>C:\ti\TivaWare_C_Series-2.1.4.178\driverlib\ccs\Debug\</path>
         <kind>archive</kind>
         <file>driverlib.lib</file>
         <name>gpio.obj</name>
      </input_file>
      <input_file id="fl-10">
         <path>C:\ti\TivaWare_C_Series-2.1.4.178\driverlib\ccs\Debug\</path>
         <kind>archive</kind>
         <file>driverlib.lib</file>
         <name>interrupt.obj</name>
      </input_file>
      <input_file id="fl-11">
         <path>C:\ti\TivaWare_C_Series-2.1.4.178\driverlib\ccs\Debug\</path>
         <kind>archive</kind>
         <file>driverlib.lib</file>
         <name>pwm.obj</name>
      </input_file>
      <input_file id="fl-12">
         <path>C:\ti\TivaWare_C_Series-2.1.4.178\driverlib\ccs\Debug\</path>
         <kind>archive</kind>
         <file>driverlib.lib</file>
         <name>qei.obj</name>
      </input_file>
      <input_file id="fl-13">
         <path>C:\ti\TivaWare_C_Series-2.1.4.178\driverlib\ccs\Debug\</path>
         <kind>archive</kind>
         <file>driverlib.lib</file>
         <name>sysctl.obj</name>
      </input_file>
      <input_file id="fl-14">
         <path>C:\ti\TivaWare_C_Series-2.1.4.178\driverlib\ccs\Debug\</path>
         <kind>archive</kind>
         <file>driverlib.lib</file>
         <name>timer.obj</name>
      </input_file>
      <input_file id="fl-15">
         <path>C:\ti\TivaWare_C_Series-2.1.4.178\driverlib\ccs\Debug\</path>
         <kind>archive</kind>
         <file>driverlib.lib</file>
         <name>uart.obj</name>
      </input_file>
      <input_file id="fl-16">
         <path>C:\ti\TivaWare_C_Series-2.1.4.178\driverlib\ccs\Debug\</path>
         <kind>archive</kind>
         <file>driverlib.lib</file>
         <name>cpu.obj</name>
      </input_file>
      <input_file id="fl-cc">
         <path>C:\ti\ccs901\ccs\tools\compiler\ti-cgt-arm_18.12.1.LTS\lib\</path>
         <kind>archive</kind>
         <file>rtsv7M4_T_le_v4SPD16_eabi.lib</file>
         <name>s_cos.c.obj</name>
      </input_file>
      <input_file id="fl-cd">
         <path>C:\ti\ccs901\ccs\tools\compiler\ti-cgt-arm_18.12.1.LTS\lib\</path>
         <kind>archive</kind>
         <file>rtsv7M4_T_le_v4SPD16_eabi.lib</file>
         <name>s_sin.c.obj</name>
      </input_file>
      <input_file id="fl-ce">
         <path>C:\ti\ccs901\ccs\tools\compiler\ti-cgt-arm_18.12.1.LTS\lib\</path>
         <kind>archive</kind>
         <file>rtsv7M4_T_le_v4SPD16_eabi.lib</file>
         <name>fd_add_t2.asm.obj</name>
      </input_file>
      <input_file id="fl-cf">
         <path>C:\ti\ccs901\ccs\tools\compiler\ti-cgt-arm_18.12.1.LTS\lib\</path>
         <kind>archive</kind>
         <file>rtsv7M4_T_le_v4SPD16_eabi.lib</file>
         <name>fd_cmp_t2.asm.obj</name>
      </input_file>
      <input_file id="fl-d0">
         <path>C:\ti\ccs901\ccs\tools\compiler\ti-cgt-arm_18.12.1.LTS\lib\</path>
         <kind>archive</kind>
         <file>rtsv7M4_T_le_v4SPD16_eabi.lib</file>
         <name>fd_div_t2.asm.obj</name>
      </input_file>
      <input_file id="fl-d1">
         <path>C:\ti\ccs901\ccs\tools\compiler\ti-cgt-arm_18.12.1.LTS\lib\</path>
         <kind>archive</kind>
         <file>rtsv7M4_T_le_v4SPD16_eabi.lib</file>
         <name>fd_mul_t2.asm.obj</name>
      </input_file>
      <input_file id="fl-d2">
         <path>C:\ti\ccs901\ccs\tools\compiler\ti-cgt-arm_18.12.1.LTS\lib\</path>
         <kind>archive</kind>
         <file>rtsv7M4_T_le_v4SPD16_eabi.lib</file>
         <name>fd_toi_t2.asm.obj</name>
      </input_file>
      <input_file id="fl-d3">
         <path>C:\ti\ccs901\ccs\tools\compiler\ti-cgt-arm_18.12.1.LTS\lib\</path>
         <kind>archive</kind>
         <file>rtsv7M4_T_le_v4SPD16_eabi.lib</file>
         <name>fd_tos_t2.asm.obj</name>
      </input_file>
      <input_file id="fl-d4">
         <path>C:\ti\ccs901\ccs\tools\compiler\ti-cgt-arm_18.12.1.LTS\lib\</path>
         <kind>archive</kind>
         <file>rtsv7M4_T_le_v4SPD16_eabi.lib</file>
         <name>fs_tod_t2.asm.obj</name>
      </input_file>
      <input_file id="fl-d5">
         <path>C:\ti\ccs901\ccs\tools\compiler\ti-cgt-arm_18.12.1.LTS\lib\</path>
         <kind>archive</kind>
         <file>rtsv7M4_T_le_v4SPD16_eabi.lib</file>
         <name>i_tofd_t2.asm.obj</name>
      </input_file>
      <input_file id="fl-d6">
         <path>C:\ti\ccs901\ccs\tools\compiler\ti-cgt-arm_18.12.1.LTS\lib\</path>
         <kind>archive</kind>
         <file>rtsv7M4_T_le_v4SPD16_eabi.lib</file>
         <name>memset_t2.asm.obj</name>
      </input_file>
      <input_file id="fl-d7">
         <path>C:\ti\ccs901\ccs\tools\compiler\ti-cgt-arm_18.12.1.LTS\lib\</path>
         <kind>archive</kind>
         <file>rtsv7M4_T_le_v4SPD16_eabi.lib</file>
         <name>copy_zero_init.c.obj</name>
      </input_file>
      <input_file id="fl-d8">
         <path>C:\ti\ccs901\ccs\tools\compiler\ti-cgt-arm_18.12.1.LTS\lib\</path>
         <kind>archive</kind>
         <file>rtsv7M4_T_le_v4SPD16_eabi.lib</file>
         <name>copy_decompress_none.c.obj</name>
      </input_file>
      <input_file id="fl-d9">
         <path>C:\ti\ccs901\ccs\tools\compiler\ti-cgt-arm_18.12.1.LTS\lib\</path>
         <kind>archive</kind>
         <file>rtsv7M4_T_le_v4SPD16_eabi.lib</file>
         <name>copy_decompress_lzss.c.obj</name>
      </input_file>
      <input_file id="fl-da">
         <path>C:\ti\ccs901\ccs\tools\compiler\ti-cgt-arm_18.12.1.LTS\lib\</path>
         <kind>archive</kind>
         <file>rtsv7M4_T_le_v4SPD16_eabi.lib</file>
         <name>boot_cortex_m.c.obj</name>
      </input_file>
      <input_file id="fl-db">
         <path>C:\ti\ccs901\ccs\tools\compiler\ti-cgt-arm_18.12.1.LTS\lib\</path>
         <kind>archive</kind>
         <file>rtsv7M4_T_le_v4SPD16_eabi.lib</file>
         <name>k_rem_pio2.c.obj</name>
      </input_file>
      <input_file id="fl-dc">
         <path>C:\ti\ccs901\ccs\tools\compiler\ti-cgt-arm_18.12.1.LTS\lib\</path>
         <kind>archive</kind>
         <file>rtsv7M4_T_le_v4SPD16_eabi.lib</file>
         <name>k_cos.c.obj</name>
      </input_file>
      <input_file id="fl-dd">
         <path>C:\ti\ccs901\ccs\tools\compiler\ti-cgt-arm_18.12.1.LTS\lib\</path>
         <kind>archive</kind>
         <file>rtsv7M4_T_le_v4SPD16_eabi.lib</file>
         <name>k_sin.c.obj</name>
      </input_file>
      <input_file id="fl-de">
         <path>C:\ti\ccs901\ccs\tools\compiler\ti-cgt-arm_18.12.1.LTS\lib\</path>
         <kind>archive</kind>
         <file>rtsv7M4_T_le_v4SPD16_eabi.lib</file>
         <name>s_floor.c.obj</name>
      </input_file>
      <input_file id="fl-df">
         <path>C:\ti\ccs901\ccs\tools\compiler\ti-cgt-arm_18.12.1.LTS\lib\</path>
         <kind>archive</kind>
         <file>rtsv7M4_T_le_v4SPD16_eabi.lib</file>
         <name>s_scalbn.c.obj</name>
      </input_file>
      <input_file id="fl-e0">
         <path>C:\ti\ccs901\ccs\tools\compiler\ti-cgt-arm_18.12.1.LTS\lib\</path>
         <kind>archive</kind>
         <file>rtsv7M4_T_le_v4SPD16_eabi.lib</file>
         <name>s_copysign.c.obj</name>
      </input_file>
      <input_file id="fl-e1">
         <path>C:\ti\ccs901\ccs\tools\compiler\ti-cgt-arm_18.12.1.LTS\lib\</path>
         <kind>archive</kind>
         <file>rtsv7M4_T_le_v4SPD16_eabi.lib</file>
         <name>memcpy_t2.asm.obj</name>
      </input_file>
      <input_file id="fl-e2">
         <path>C:\ti\ccs901\ccs\tools\compiler\ti-cgt-arm_18.12.1.LTS\lib\</path>
         <kind>archive</kind>
         <file>rtsv7M4_T_le_v4SPD16_eabi.lib</file>
         <name>autoinit.c.obj</name>
      </input_file>
      <input_file id="fl-e3">
         <path>C:\ti\ccs901\ccs\tools\compiler\ti-cgt-arm_18.12.1.LTS\lib\</path>
         <kind>archive</kind>
         <file>rtsv7M4_T_le_v4SPD16_eabi.lib</file>
         <name>pre_init.c.obj</name>
      </input_file>
      <input_file id="fl-e4">
         <path>C:\ti\ccs901\ccs\tools\compiler\ti-cgt-arm_18.12.1.LTS\lib\</path>
         <kind>archive</kind>
         <file>rtsv7M4_T_le_v4SPD16_eabi.lib</file>
         <name>cpy_tbl.c.obj</name>
      </input_file>
      <input_file id="fl-e5">
         <path>C:\ti\ccs901\ccs\tools\compiler\ti-cgt-arm_18.12.1.LTS\lib\</path>
         <kind>archive</kind>
         <file>rtsv7M4_T_le_v4SPD16_eabi.lib</file>
         <name>exit.c.obj</name>
      </input_file>
      <input_file id="fl-e6">
         <path>C:\ti\ccs901\ccs\tools\compiler\ti-cgt-arm_18.12.1.LTS\lib\</path>
         <kind>archive</kind>
         <file>rtsv7M4_T_le_v4SPD16_eabi.lib</file>
         <name>_lock.c.obj</name>
      </input_file>
      <input_file id="fl-e7">
         <path>C:\ti\ccs901\ccs\tools\compiler\ti-cgt-arm_18.12.1.LTS\lib\</path>
         <kind>archive</kind>
         <file>rtsv7M4_T_le_v4SPD16_eabi.lib</file>
         <name>args_main.c.obj</name>
      </input_file>
      <input_file id="fl-e8">
         <path>C:\ti\ccs901\ccs\tools\compiler\ti-cgt-arm_18.12.1.LTS\lib\</path>
         <kind>archive</kind>
         <file>rtsv7M4_T_le_v4SPD16_eabi.lib</file>
         <name>errno.c.obj</name>
      </input_file>
   </input_file_list>
   <object_component_list>
      <object_component id="oc-f">
         <name>.intvecs</name>
         <load_address>0x0</load_address>
         <run_address>0x0</run_address>
         <size>0x26c</size>
         <input_file_ref idref="fl-8"/>
      </object_component>
      <object_component id="oc-2a2">
         <name>.text:__kernel_rem_pio2</name>
         <load_address>0x26c</load_address>
         <run_address>0x26c</run_address>
         <size>0x738</size>
         <input_file_ref idref="fl-db"/>
      </object_component>
      <object_component id="oc-98">
         <name>.text</name>
         <load_address>0x9a4</load_address>
         <run_address>0x9a4</run_address>
         <size>0x6ac</size>
         <input_file_ref idref="fl-4"/>
      </object_component>
      <object_component id="oc-15d">
         <name>.text:cos</name>
         <load_address>0x1050</load_address>
         <run_address>0x1050</run_address>
         <size>0x5dc</size>
         <input_file_ref idref="fl-cc"/>
      </object_component>
      <object_component id="oc-151">
         <name>.text:sin</name>
         <load_address>0x162c</load_address>
         <run_address>0x162c</run_address>
         <size>0x5c4</size>
         <input_file_ref idref="fl-cd"/>
      </object_component>
      <object_component id="oc-1bb">
         <name>.text</name>
         <load_address>0x1bf0</load_address>
         <run_address>0x1bf0</run_address>
         <size>0x260</size>
         <input_file_ref idref="fl-3"/>
      </object_component>
      <object_component id="oc-157">
         <name>.text</name>
         <load_address>0x1e50</load_address>
         <run_address>0x1e50</run_address>
         <size>0x1b6</size>
         <input_file_ref idref="fl-ce"/>
      </object_component>
      <object_component id="oc-297">
         <name>.text:__kernel_sin</name>
         <load_address>0x2008</load_address>
         <run_address>0x2008</run_address>
         <size>0x174</size>
         <input_file_ref idref="fl-dd"/>
      </object_component>
      <object_component id="oc-2a8">
         <name>.text:__kernel_cos</name>
         <load_address>0x217c</load_address>
         <run_address>0x217c</run_address>
         <size>0x16c</size>
         <input_file_ref idref="fl-dc"/>
      </object_component>
      <object_component id="oc-142">
         <name>.text</name>
         <load_address>0x22e8</load_address>
         <run_address>0x22e8</run_address>
         <size>0x136</size>
         <input_file_ref idref="fl-d0"/>
      </object_component>
      <object_component id="oc-1d4">
         <name>.text:GPIOPadConfigSet</name>
         <load_address>0x241e</load_address>
         <run_address>0x241e</run_address>
         <size>0x132</size>
         <input_file_ref idref="fl-f"/>
      </object_component>
      <object_component id="oc-f0">
         <name>.text</name>
         <load_address>0x2550</load_address>
         <run_address>0x2550</run_address>
         <size>0x120</size>
         <input_file_ref idref="fl-6"/>
      </object_component>
      <object_component id="oc-125">
         <name>.text</name>
         <load_address>0x2670</load_address>
         <run_address>0x2670</run_address>
         <size>0x118</size>
         <input_file_ref idref="fl-2"/>
      </object_component>
      <object_component id="oc-224">
         <name>.text:SysCtlClockGet</name>
         <load_address>0x2788</load_address>
         <run_address>0x2788</run_address>
         <size>0x110</size>
         <input_file_ref idref="fl-13"/>
      </object_component>
      <object_component id="oc-347">
         <name>.text:scalbn</name>
         <load_address>0x2898</load_address>
         <run_address>0x2898</run_address>
         <size>0x110</size>
         <input_file_ref idref="fl-df"/>
      </object_component>
      <object_component id="oc-13d">
         <name>.text</name>
         <load_address>0x29a8</load_address>
         <run_address>0x29a8</run_address>
         <size>0xfc</size>
         <input_file_ref idref="fl-d1"/>
      </object_component>
      <object_component id="oc-34d">
         <name>.text:floor</name>
         <load_address>0x2aa4</load_address>
         <run_address>0x2aa4</run_address>
         <size>0xf8</size>
         <input_file_ref idref="fl-de"/>
      </object_component>
      <object_component id="oc-11f">
         <name>.text</name>
         <load_address>0x2b9c</load_address>
         <run_address>0x2b9c</run_address>
         <size>0xcc</size>
         <input_file_ref idref="fl-5"/>
      </object_component>
      <object_component id="oc-131">
         <name>.text</name>
         <load_address>0x2c68</load_address>
         <run_address>0x2c68</run_address>
         <size>0xbc</size>
         <input_file_ref idref="fl-7"/>
      </object_component>
      <object_component id="oc-12b">
         <name>.text</name>
         <load_address>0x2d24</load_address>
         <run_address>0x2d24</run_address>
         <size>0xb0</size>
         <input_file_ref idref="fl-9"/>
      </object_component>
      <object_component id="oc-38">
         <name>.text</name>
         <load_address>0x2dd4</load_address>
         <run_address>0x2dd4</run_address>
         <size>0x9c</size>
         <input_file_ref idref="fl-e1"/>
      </object_component>
      <object_component id="oc-29d">
         <name>.text:__aeabi_cdcmple</name>
         <load_address>0x2e70</load_address>
         <run_address>0x2e70</run_address>
         <size>0x86</size>
         <input_file_ref idref="fl-cf"/>
      </object_component>
      <object_component id="oc-353">
         <name>.text:__aeabi_cdrcmple</name>
         <load_address>0x2ef6</load_address>
         <run_address>0x2ef6</run_address>
         <size>0x86</size>
         <input_file_ref idref="fl-cf"/>
      </object_component>
      <object_component id="oc-8c">
         <name>.text</name>
         <load_address>0x2f7c</load_address>
         <run_address>0x2f7c</run_address>
         <size>0x7a</size>
         <input_file_ref idref="fl-d6"/>
      </object_component>
      <object_component id="oc-147">
         <name>.text</name>
         <load_address>0x2ff6</load_address>
         <run_address>0x2ff6</run_address>
         <size>0x6e</size>
         <input_file_ref idref="fl-d3"/>
      </object_component>
      <object_component id="oc-274">
         <name>.text:IntEnable</name>
         <load_address>0x3064</load_address>
         <run_address>0x3064</run_address>
         <size>0x68</size>
         <input_file_ref idref="fl-10"/>
      </object_component>
      <object_component id="oc-12">
         <name>.text:decompress:lzss:__TI_decompress_lzss</name>
         <load_address>0x30cc</load_address>
         <run_address>0x30cc</run_address>
         <size>0x68</size>
         <input_file_ref idref="fl-d9"/>
      </object_component>
      <object_component id="oc-268">
         <name>.text:TimerConfigure</name>
         <load_address>0x3134</load_address>
         <run_address>0x3134</run_address>
         <size>0x60</size>
         <input_file_ref idref="fl-14"/>
      </object_component>
      <object_component id="oc-33a">
         <name>.text:_TimerIntNumberGet</name>
         <load_address>0x3194</load_address>
         <run_address>0x3194</run_address>
         <size>0x4c</size>
         <input_file_ref idref="fl-14"/>
      </object_component>
      <object_component id="oc-1e7">
         <name>.text:GPIOPinConfigure</name>
         <load_address>0x31e0</load_address>
         <run_address>0x31e0</run_address>
         <size>0x48</size>
         <input_file_ref idref="fl-f"/>
      </object_component>
      <object_component id="oc-292">
         <name>.text</name>
         <load_address>0x3228</load_address>
         <run_address>0x3228</run_address>
         <size>0x48</size>
         <input_file_ref idref="fl-d2"/>
      </object_component>
      <object_component id="oc-243">
         <name>.text:UARTConfigSetExpClk</name>
         <load_address>0x3270</load_address>
         <run_address>0x3270</run_address>
         <size>0x46</size>
         <input_file_ref idref="fl-15"/>
      </object_component>
      <object_component id="oc-175">
         <name>.text:__TI_auto_init_nobinit_nopinit:__TI_auto_init_nobinit_nopinit</name>
         <load_address>0x32b8</load_address>
         <run_address>0x32b8</run_address>
         <size>0x44</size>
         <input_file_ref idref="fl-e2"/>
      </object_component>
      <object_component id="oc-32c">
         <name>.text:_UARTIntNumberGet</name>
         <load_address>0x32fc</load_address>
         <run_address>0x32fc</run_address>
         <size>0x40</size>
         <input_file_ref idref="fl-15"/>
      </object_component>
      <object_component id="oc-14c">
         <name>.text</name>
         <load_address>0x333c</load_address>
         <run_address>0x333c</run_address>
         <size>0x38</size>
         <input_file_ref idref="fl-d4"/>
      </object_component>
      <object_component id="oc-255">
         <name>.text:IntRegister</name>
         <load_address>0x3374</load_address>
         <run_address>0x3374</run_address>
         <size>0x34</size>
         <input_file_ref idref="fl-10"/>
      </object_component>
      <object_component id="oc-113">
         <name>.text:SysCtlPeripheralEnable</name>
         <load_address>0x33a8</load_address>
         <run_address>0x33a8</run_address>
         <size>0x34</size>
         <input_file_ref idref="fl-13"/>
      </object_component>
      <object_component id="oc-56">
         <name>.text:_c_int00_noargs:_c_int00_noargs</name>
         <load_address>0x33dc</load_address>
         <run_address>0x33dc</run_address>
         <size>0x34</size>
         <input_file_ref idref="fl-da"/>
      </object_component>
      <object_component id="oc-138">
         <name>.text</name>
         <load_address>0x3410</load_address>
         <run_address>0x3410</run_address>
         <size>0x2e</size>
         <input_file_ref idref="fl-d5"/>
      </object_component>
      <object_component id="oc-1da">
         <name>.text:GPIODirModeSet</name>
         <load_address>0x343e</load_address>
         <run_address>0x343e</run_address>
         <size>0x2a</size>
         <input_file_ref idref="fl-f"/>
      </object_component>
      <object_component id="oc-1f9">
         <name>.text:PWMGenConfigure</name>
         <load_address>0x3468</load_address>
         <run_address>0x3468</run_address>
         <size>0x22</size>
         <input_file_ref idref="fl-11"/>
      </object_component>
      <object_component id="oc-312">
         <name>.text:UARTDisable</name>
         <load_address>0x348c</load_address>
         <run_address>0x348c</run_address>
         <size>0x20</size>
         <input_file_ref idref="fl-15"/>
      </object_component>
      <object_component id="oc-de">
         <name>.text:PWMPulseWidthSet</name>
         <load_address>0x34ac</load_address>
         <run_address>0x34ac</run_address>
         <size>0x1e</size>
         <input_file_ref idref="fl-11"/>
      </object_component>
      <object_component id="oc-3b8">
         <name>.text:copysign</name>
         <load_address>0x34ca</load_address>
         <run_address>0x34ca</run_address>
         <size>0x1a</size>
         <input_file_ref idref="fl-e0"/>
      </object_component>
      <object_component id="oc-119">
         <name>.text:GPIOPinTypeGPIOOutput</name>
         <load_address>0x34e4</load_address>
         <run_address>0x34e4</run_address>
         <size>0x18</size>
         <input_file_ref idref="fl-f"/>
      </object_component>
      <object_component id="oc-262">
         <name>.text:TimerDisable</name>
         <load_address>0x34fc</load_address>
         <run_address>0x34fc</run_address>
         <size>0x18</size>
         <input_file_ref idref="fl-14"/>
      </object_component>
      <object_component id="oc-27a">
         <name>.text:TimerIntRegister</name>
         <load_address>0x3514</load_address>
         <run_address>0x3514</run_address>
         <size>0x18</size>
         <input_file_ref idref="fl-14"/>
      </object_component>
      <object_component id="oc-25b">
         <name>.text:UARTIntRegister</name>
         <load_address>0x352c</load_address>
         <run_address>0x352c</run_address>
         <size>0x18</size>
         <input_file_ref idref="fl-15"/>
      </object_component>
      <object_component id="oc-1e1">
         <name>.text:SysCtlPWMClockSet</name>
         <load_address>0x3544</load_address>
         <run_address>0x3544</run_address>
         <size>0x14</size>
         <input_file_ref idref="fl-13"/>
      </object_component>
      <object_component id="oc-318">
         <name>.text:UARTEnable</name>
         <load_address>0x3558</load_address>
         <run_address>0x3558</run_address>
         <size>0x14</size>
         <input_file_ref idref="fl-15"/>
      </object_component>
      <object_component id="oc-1ed">
         <name>.text:GPIOPinTypePWM</name>
         <load_address>0x356c</load_address>
         <run_address>0x356c</run_address>
         <size>0x12</size>
         <input_file_ref idref="fl-f"/>
      </object_component>
      <object_component id="oc-212">
         <name>.text:GPIOPinTypeQEI</name>
         <load_address>0x357e</load_address>
         <run_address>0x357e</run_address>
         <size>0x12</size>
         <input_file_ref idref="fl-f"/>
      </object_component>
      <object_component id="oc-23d">
         <name>.text:GPIOPinTypeUART</name>
         <load_address>0x3590</load_address>
         <run_address>0x3590</run_address>
         <size>0x12</size>
         <input_file_ref idref="fl-f"/>
      </object_component>
      <object_component id="oc-20b">
         <name>.text:PWMOutputState</name>
         <load_address>0x35a2</load_address>
         <run_address>0x35a2</run_address>
         <size>0x12</size>
         <input_file_ref idref="fl-11"/>
      </object_component>
      <object_component id="oc-26e">
         <name>.text:TimerLoadSet</name>
         <load_address>0x35b4</load_address>
         <run_address>0x35b4</run_address>
         <size>0x12</size>
         <input_file_ref idref="fl-14"/>
      </object_component>
      <object_component id="oc-249">
         <name>.text:IntMasterEnable</name>
         <load_address>0x35c6</load_address>
         <run_address>0x35c6</run_address>
         <size>0x10</size>
         <input_file_ref idref="fl-10"/>
      </object_component>
      <object_component id="oc-1ff">
         <name>.text:PWMGenPeriodSet</name>
         <load_address>0x35d6</load_address>
         <run_address>0x35d6</run_address>
         <size>0x10</size>
         <input_file_ref idref="fl-11"/>
      </object_component>
      <object_component id="oc-22a">
         <name>.text:QEIVelocityConfigure</name>
         <load_address>0x35e6</load_address>
         <run_address>0x35e6</run_address>
         <size>0x10</size>
         <input_file_ref idref="fl-12"/>
      </object_component>
      <object_component id="oc-21e">
         <name>.text:QEIConfigure</name>
         <load_address>0x35f6</load_address>
         <run_address>0x35f6</run_address>
         <size>0xe</size>
         <input_file_ref idref="fl-12"/>
      </object_component>
      <object_component id="oc-286">
         <name>.text:TimerEnable</name>
         <load_address>0x3604</load_address>
         <run_address>0x3604</run_address>
         <size>0xe</size>
         <input_file_ref idref="fl-14"/>
      </object_component>
      <object_component id="oc-e4">
         <name>.text:UARTCharGetNonBlocking</name>
         <load_address>0x3612</load_address>
         <run_address>0x3612</run_address>
         <size>0xe</size>
         <input_file_ref idref="fl-15"/>
      </object_component>
      <object_component id="oc-18">
         <name>.text:decompress:none:__TI_decompress_none</name>
         <load_address>0x3620</load_address>
         <run_address>0x3620</run_address>
         <size>0xe</size>
         <input_file_ref idref="fl-d8"/>
      </object_component>
      <object_component id="oc-31f">
         <name>.text:CPUcpsie</name>
         <load_address>0x362e</load_address>
         <run_address>0x362e</run_address>
         <size>0xc</size>
         <input_file_ref idref="fl-16"/>
      </object_component>
      <object_component id="oc-1f3">
         <name>.text:PWMGenDisable</name>
         <load_address>0x363a</load_address>
         <run_address>0x363a</run_address>
         <size>0xc</size>
         <input_file_ref idref="fl-11"/>
      </object_component>
      <object_component id="oc-205">
         <name>.text:PWMGenEnable</name>
         <load_address>0x3646</load_address>
         <run_address>0x3646</run_address>
         <size>0xc</size>
         <input_file_ref idref="fl-11"/>
      </object_component>
      <object_component id="oc-4a">
         <name>.text:decompress:ZI:__TI_zero_init</name>
         <load_address>0x3652</load_address>
         <run_address>0x3652</run_address>
         <size>0xc</size>
         <input_file_ref idref="fl-d7"/>
      </object_component>
      <object_component id="oc-24">
         <name>.text</name>
         <load_address>0x365e</load_address>
         <run_address>0x365e</run_address>
         <size>0xc</size>
         <input_file_ref idref="fl-8"/>
      </object_component>
      <object_component id="oc-218">
         <name>.text:QEIDisable</name>
         <load_address>0x366a</load_address>
         <run_address>0x366a</run_address>
         <size>0xa</size>
         <input_file_ref idref="fl-12"/>
      </object_component>
      <object_component id="oc-236">
         <name>.text:QEIEnable</name>
         <load_address>0x3674</load_address>
         <run_address>0x3674</run_address>
         <size>0xa</size>
         <input_file_ref idref="fl-12"/>
      </object_component>
      <object_component id="oc-230">
         <name>.text:QEIVelocityEnable</name>
         <load_address>0x367e</load_address>
         <run_address>0x367e</run_address>
         <size>0xa</size>
         <input_file_ref idref="fl-12"/>
      </object_component>
      <object_component id="oc-ea">
         <name>.text:UARTCharPut</name>
         <load_address>0x3688</load_address>
         <run_address>0x3688</run_address>
         <size>0xa</size>
         <input_file_ref idref="fl-15"/>
      </object_component>
      <object_component id="oc-280">
         <name>.text:TimerIntEnable</name>
         <load_address>0x3692</load_address>
         <run_address>0x3692</run_address>
         <size>0x8</size>
         <input_file_ref idref="fl-14"/>
      </object_component>
      <object_component id="oc-24f">
         <name>.text:UARTIntEnable</name>
         <load_address>0x369a</load_address>
         <run_address>0x369a</run_address>
         <size>0x8</size>
         <input_file_ref idref="fl-15"/>
      </object_component>
      <object_component id="oc-3b2">
         <name>.text:__aeabi_errno_addr</name>
         <load_address>0x36a4</load_address>
         <run_address>0x36a4</run_address>
         <size>0x8</size>
         <input_file_ref idref="fl-e8"/>
      </object_component>
      <object_component id="oc-c0">
         <name>.text:GPIOPinWrite</name>
         <load_address>0x36ac</load_address>
         <run_address>0x36ac</run_address>
         <size>0x6</size>
         <input_file_ref idref="fl-f"/>
      </object_component>
      <object_component id="oc-137">
         <name>.text:SysCtlDelay</name>
         <load_address>0x36b2</load_address>
         <run_address>0x36b2</run_address>
         <size>0x6</size>
         <input_file_ref idref="fl-13"/>
      </object_component>
      <object_component id="oc-c6">
         <name>.text:QEIPositionGet</name>
         <load_address>0x36b8</load_address>
         <run_address>0x36b8</run_address>
         <size>0x4</size>
         <input_file_ref idref="fl-12"/>
      </object_component>
      <object_component id="oc-d2">
         <name>.text:QEIPositionSet</name>
         <load_address>0x36bc</load_address>
         <run_address>0x36bc</run_address>
         <size>0x4</size>
         <input_file_ref idref="fl-12"/>
      </object_component>
      <object_component id="oc-cc">
         <name>.text:QEIVelocityGet</name>
         <load_address>0x36c0</load_address>
         <run_address>0x36c0</run_address>
         <size>0x4</size>
         <input_file_ref idref="fl-12"/>
      </object_component>
      <object_component id="oc-d8">
         <name>.text:TimerIntClear</name>
         <load_address>0x36c4</load_address>
         <run_address>0x36c4</run_address>
         <size>0x4</size>
         <input_file_ref idref="fl-14"/>
      </object_component>
      <object_component id="oc-f6">
         <name>.text:UARTIntClear</name>
         <load_address>0x36c8</load_address>
         <run_address>0x36c8</run_address>
         <size>0x4</size>
         <input_file_ref idref="fl-15"/>
      </object_component>
      <object_component id="oc-92">
         <name>.text:_system_pre_init</name>
         <load_address>0x36cc</load_address>
         <run_address>0x36cc</run_address>
         <size>0x4</size>
         <input_file_ref idref="fl-e3"/>
      </object_component>
      <object_component id="oc-169">
         <name>.text:abort:abort</name>
         <load_address>0x36d0</load_address>
         <run_address>0x36d0</run_address>
         <size>0x4</size>
         <input_file_ref idref="fl-e5"/>
      </object_component>
      <object_component id="oc-358">
         <name>.const:$O1$$</name>
         <load_address>0x36d8</load_address>
         <run_address>0x36d8</run_address>
         <size>0x158</size>
         <input_file_ref idref="fl-db"/>
      </object_component>
      <object_component id="oc-2fd">
         <name>.const:g_pui32GPIOBaseAddrs</name>
         <load_address>0x3830</load_address>
         <run_address>0x3830</run_address>
         <size>0x90</size>
         <input_file_ref idref="fl-f"/>
      </object_component>
      <object_component id="oc-336">
         <name>.const</name>
         <load_address>0x38c0</load_address>
         <run_address>0x38c0</run_address>
         <size>0x70</size>
         <input_file_ref idref="fl-10"/>
      </object_component>
      <object_component id="oc-30a">
         <name>.const:g_pui32Xtals</name>
         <load_address>0x3930</load_address>
         <run_address>0x3930</run_address>
         <size>0x6c</size>
         <input_file_ref idref="fl-13"/>
      </object_component>
      <object_component id="oc-3a9">
         <name>.const:g_ppui32TimerIntMap</name>
         <load_address>0x399c</load_address>
         <run_address>0x399c</run_address>
         <size>0x60</size>
         <input_file_ref idref="fl-14"/>
      </object_component>
      <object_component id="oc-3ac">
         <name>.const:g_ppui32TimerIntMapSnowflake</name>
         <load_address>0x39fc</load_address>
         <run_address>0x39fc</run_address>
         <size>0x40</size>
         <input_file_ref idref="fl-14"/>
      </object_component>
      <object_component id="oc-3a0">
         <name>.const:g_ppui32UARTIntMap</name>
         <load_address>0x3a3c</load_address>
         <run_address>0x3a3c</run_address>
         <size>0x40</size>
         <input_file_ref idref="fl-15"/>
      </object_component>
      <object_component id="oc-3a3">
         <name>.const:g_ppui32UARTIntMapSnowflake</name>
         <load_address>0x3a7c</load_address>
         <run_address>0x3a7c</run_address>
         <size>0x40</size>
         <input_file_ref idref="fl-15"/>
      </object_component>
      <object_component id="oc-2e2">
         <name>.const:.string:$P$T0$1</name>
         <load_address>0x3abc</load_address>
         <run_address>0x3abc</run_address>
         <size>0x8</size>
         <input_file_ref idref="fl-3"/>
      </object_component>
      <object_component id="oc-41d">
         <name>.cinit..data.load</name>
         <load_address>0x3ac8</load_address>
         <run_address>0x3ac8</run_address>
         <size>0x22</size>
      </object_component>
      <object_component id="oc-41a">
         <name>__TI_handler_table</name>
         <load_address>0x3aec</load_address>
         <run_address>0x3aec</run_address>
         <size>0xc</size>
      </object_component>
      <object_component id="oc-41e">
         <name>.cinit..bss.load</name>
         <load_address>0x3af8</load_address>
         <run_address>0x3af8</run_address>
         <size>0x8</size>
      </object_component>
      <object_component id="oc-41c">
         <name>.cinit..vtable.load</name>
         <load_address>0x3b00</load_address>
         <run_address>0x3b00</run_address>
         <size>0x8</size>
      </object_component>
      <object_component id="oc-41b">
         <name>__TI_cinit_table</name>
         <load_address>0x3b08</load_address>
         <run_address>0x3b08</run_address>
         <size>0x18</size>
      </object_component>
      <object_component id="oc-327">
         <name>.vtable</name>
         <uninitialized>true</uninitialized>
         <run_address>0x20000000</run_address>
         <size>0x26c</size>
         <input_file_ref idref="fl-10"/>
      </object_component>
      <object_component id="oc-2e5">
         <name>.data</name>
         <load_address>0x20005624</load_address>
         <run_address>0x20005624</run_address>
         <size>0x8</size>
         <input_file_ref idref="fl-3"/>
      </object_component>
      <object_component id="oc-ff">
         <name>.data</name>
         <load_address>0x200055e0</load_address>
         <run_address>0x200055e0</run_address>
         <size>0x44</size>
         <input_file_ref idref="fl-4"/>
      </object_component>
      <object_component id="oc-1c4">
         <name>.data</name>
         <load_address>0x20005630</load_address>
         <run_address>0x20005630</run_address>
         <size>0x4</size>
         <input_file_ref idref="fl-6"/>
      </object_component>
      <object_component id="oc-3e5">
         <name>.data</name>
         <load_address>0x2000562c</load_address>
         <run_address>0x2000562c</run_address>
         <size>0x4</size>
         <input_file_ref idref="fl-e8"/>
      </object_component>
      <object_component id="oc-105">
         <name>.common:v1</name>
         <uninitialized>true</uninitialized>
         <run_address>0x200053d4</run_address>
         <size>0x4</size>
      </object_component>
      <object_component id="oc-106">
         <name>.common:v2</name>
         <uninitialized>true</uninitialized>
         <run_address>0x200053d8</run_address>
         <size>0x4</size>
      </object_component>
      <object_component id="oc-107">
         <name>.common:e1</name>
         <uninitialized>true</uninitialized>
         <run_address>0x200053bc</run_address>
         <size>0x4</size>
      </object_component>
      <object_component id="oc-10c">
         <name>.common:e2</name>
         <uninitialized>true</uninitialized>
         <run_address>0x200053c0</run_address>
         <size>0x4</size>
      </object_component>
      <object_component id="oc-108">
         <name>.common:sum1</name>
         <uninitialized>true</uninitialized>
         <run_address>0x200053c4</run_address>
         <size>0x4</size>
      </object_component>
      <object_component id="oc-10d">
         <name>.common:sum2</name>
         <uninitialized>true</uninitialized>
         <run_address>0x200053c8</run_address>
         <size>0x4</size>
      </object_component>
      <object_component id="oc-109">
         <name>.common:d1</name>
         <uninitialized>true</uninitialized>
         <run_address>0x200053ac</run_address>
         <size>0x4</size>
      </object_component>
      <object_component id="oc-10e">
         <name>.common:d2</name>
         <uninitialized>true</uninitialized>
         <run_address>0x200053b0</run_address>
         <size>0x4</size>
      </object_component>
      <object_component id="oc-10a">
         <name>.common:dc1</name>
         <uninitialized>true</uninitialized>
         <run_address>0x200053b4</run_address>
         <size>0x4</size>
      </object_component>
      <object_component id="oc-10f">
         <name>.common:dc2</name>
         <uninitialized>true</uninitialized>
         <run_address>0x200053b8</run_address>
         <size>0x4</size>
      </object_component>
      <object_component id="oc-111">
         <name>.common:a</name>
         <uninitialized>true</uninitialized>
         <run_address>0x200053dc</run_address>
         <size>0x1</size>
      </object_component>
      <object_component id="oc-15c">
         <name>.common:x</name>
         <uninitialized>true</uninitialized>
         <run_address>0x2000472c</run_address>
         <size>0x640</size>
      </object_component>
      <object_component id="oc-112">
         <name>.common:y</name>
         <uninitialized>true</uninitialized>
         <run_address>0x20004d6c</run_address>
         <size>0x640</size>
      </object_component>
      <object_component id="oc-104">
         <name>.common:timestamp</name>
         <uninitialized>true</uninitialized>
         <run_address>0x200040ec</run_address>
         <size>0x640</size>
      </object_component>
      <object_component id="oc-fc">
         <name>.common:wh1</name>
         <uninitialized>true</uninitialized>
         <run_address>0x20001b6c</run_address>
         <size>0x12c0</size>
      </object_component>
      <object_component id="oc-102">
         <name>.common:wh2</name>
         <uninitialized>true</uninitialized>
         <run_address>0x20002e2c</run_address>
         <size>0x12c0</size>
      </object_component>
      <object_component id="oc-103">
         <name>.common:state1</name>
         <uninitialized>true</uninitialized>
         <run_address>0x200053dd</run_address>
         <size>0x1</size>
      </object_component>
      <object_component id="oc-10b">
         <name>.common:t1</name>
         <uninitialized>true</uninitialized>
         <run_address>0x200053cc</run_address>
         <size>0x4</size>
      </object_component>
      <object_component id="oc-110">
         <name>.common:t2</name>
         <uninitialized>true</uninitialized>
         <run_address>0x200053d0</run_address>
         <size>0x4</size>
      </object_component>
      <object_component id="oc-1c1">
         <name>.common:store</name>
         <uninitialized>true</uninitialized>
         <run_address>0x2000026c</run_address>
         <size>0x1900</size>
      </object_component>
      <object_component id="oc-21">
         <name>.stack</name>
         <uninitialized>true</uninitialized>
         <run_address>0x200053e0</run_address>
         <size>0x4</size>
         <input_file_ref idref="fl-da"/>
      </object_component>
      <object_component id="oc-41f">
         <name>.stack</name>
         <uninitialized>true</uninitialized>
         <run_address>0x200053e0</run_address>
         <size>0x0</size>
      </object_component>
      <object_component id="oc-af">
         <name>.debug_info</name>
         <load_address>0x0</load_address>
         <run_address>0x0</run_address>
         <size>0x4be</size>
         <input_file_ref idref="fl-2"/>
      </object_component>
      <object_component id="oc-126">
         <name>.debug_info</name>
         <load_address>0x4be</load_address>
         <run_address>0x4be</run_address>
         <size>0x36d</size>
         <input_file_ref idref="fl-2"/>
      </object_component>
      <object_component id="oc-6d">
         <name>.debug_info</name>
         <load_address>0x82b</load_address>
         <run_address>0x82b</run_address>
         <size>0x26b</size>
         <input_file_ref idref="fl-2"/>
      </object_component>
      <object_component id="oc-1cb">
         <name>.debug_info</name>
         <load_address>0xa96</load_address>
         <run_address>0xa96</run_address>
         <size>0x75</size>
         <input_file_ref idref="fl-2"/>
      </object_component>
      <object_component id="oc-33">
         <name>.debug_info</name>
         <load_address>0xb0b</load_address>
         <run_address>0xb0b</run_address>
         <size>0x84</size>
         <input_file_ref idref="fl-2"/>
      </object_component>
      <object_component id="oc-aa">
         <name>.debug_info</name>
         <load_address>0xb8f</load_address>
         <run_address>0xb8f</run_address>
         <size>0x297</size>
         <input_file_ref idref="fl-2"/>
      </object_component>
      <object_component id="oc-72">
         <name>.debug_info</name>
         <load_address>0xe26</load_address>
         <run_address>0xe26</run_address>
         <size>0xbb</size>
         <input_file_ref idref="fl-2"/>
      </object_component>
      <object_component id="oc-2ee">
         <name>.debug_info</name>
         <load_address>0xee1</load_address>
         <run_address>0xee1</run_address>
         <size>0x31e</size>
         <input_file_ref idref="fl-3"/>
      </object_component>
      <object_component id="oc-2e6">
         <name>.debug_info</name>
         <load_address>0x11ff</load_address>
         <run_address>0x11ff</run_address>
         <size>0xd5</size>
         <input_file_ref idref="fl-3"/>
      </object_component>
      <object_component id="oc-2e3">
         <name>.debug_info</name>
         <load_address>0x12d4</load_address>
         <run_address>0x12d4</run_address>
         <size>0xcd</size>
         <input_file_ref idref="fl-3"/>
      </object_component>
      <object_component id="oc-1bc">
         <name>.debug_info</name>
         <load_address>0x13a1</load_address>
         <run_address>0x13a1</run_address>
         <size>0x299</size>
         <input_file_ref idref="fl-3"/>
      </object_component>
      <object_component id="oc-2e9">
         <name>.debug_info</name>
         <load_address>0x163a</load_address>
         <run_address>0x163a</run_address>
         <size>0x5e</size>
         <input_file_ref idref="fl-3"/>
      </object_component>
      <object_component id="oc-fd">
         <name>.debug_info</name>
         <load_address>0x1698</load_address>
         <run_address>0x1698</run_address>
         <size>0x7dc</size>
         <input_file_ref idref="fl-4"/>
      </object_component>
      <object_component id="oc-100">
         <name>.debug_info</name>
         <load_address>0x1e74</load_address>
         <run_address>0x1e74</run_address>
         <size>0x250</size>
         <input_file_ref idref="fl-4"/>
      </object_component>
      <object_component id="oc-99">
         <name>.debug_info</name>
         <load_address>0x20c4</load_address>
         <run_address>0x20c4</run_address>
         <size>0x622</size>
         <input_file_ref idref="fl-4"/>
      </object_component>
      <object_component id="oc-164">
         <name>.debug_info</name>
         <load_address>0x26e6</load_address>
         <run_address>0x26e6</run_address>
         <size>0x8b</size>
         <input_file_ref idref="fl-4"/>
      </object_component>
      <object_component id="oc-121">
         <name>.debug_info</name>
         <load_address>0x2771</load_address>
         <run_address>0x2771</run_address>
         <size>0x2d0</size>
         <input_file_ref idref="fl-5"/>
      </object_component>
      <object_component id="oc-1c2">
         <name>.debug_info</name>
         <load_address>0x2a41</load_address>
         <run_address>0x2a41</run_address>
         <size>0x307</size>
         <input_file_ref idref="fl-6"/>
      </object_component>
      <object_component id="oc-1c5">
         <name>.debug_info</name>
         <load_address>0x2d48</load_address>
         <run_address>0x2d48</run_address>
         <size>0xc6</size>
         <input_file_ref idref="fl-6"/>
      </object_component>
      <object_component id="oc-f2">
         <name>.debug_info</name>
         <load_address>0x2e0e</load_address>
         <run_address>0x2e0e</run_address>
         <size>0x133</size>
         <input_file_ref idref="fl-6"/>
      </object_component>
      <object_component id="oc-135">
         <name>.debug_info</name>
         <load_address>0x2f41</load_address>
         <run_address>0x2f41</run_address>
         <size>0x286</size>
         <input_file_ref idref="fl-7"/>
      </object_component>
      <object_component id="oc-2c">
         <name>.debug_info</name>
         <load_address>0x31c7</load_address>
         <run_address>0x31c7</run_address>
         <size>0x2ab</size>
         <input_file_ref idref="fl-8"/>
      </object_component>
      <object_component id="oc-10">
         <name>.debug_info</name>
         <load_address>0x3472</load_address>
         <run_address>0x3472</run_address>
         <size>0xea</size>
         <input_file_ref idref="fl-8"/>
      </object_component>
      <object_component id="oc-25">
         <name>.debug_info</name>
         <load_address>0x355c</load_address>
         <run_address>0x355c</run_address>
         <size>0x266</size>
         <input_file_ref idref="fl-8"/>
      </object_component>
      <object_component id="oc-12c">
         <name>.debug_info</name>
         <load_address>0x37c2</load_address>
         <run_address>0x37c2</run_address>
         <size>0x2b5</size>
         <input_file_ref idref="fl-9"/>
      </object_component>
      <object_component id="oc-1af">
         <name>.debug_info</name>
         <load_address>0x3a77</load_address>
         <run_address>0x3a77</run_address>
         <size>0x240</size>
         <input_file_ref idref="fl-f"/>
      </object_component>
      <object_component id="oc-2fe">
         <name>.debug_info</name>
         <load_address>0x3cb7</load_address>
         <run_address>0x3cb7</run_address>
         <size>0x15b</size>
         <input_file_ref idref="fl-f"/>
      </object_component>
      <object_component id="oc-c2">
         <name>.debug_info</name>
         <load_address>0x3e12</load_address>
         <run_address>0x3e12</run_address>
         <size>0x2a3</size>
         <input_file_ref idref="fl-f"/>
      </object_component>
      <object_component id="oc-1dc">
         <name>.debug_info</name>
         <load_address>0x40b5</load_address>
         <run_address>0x40b5</run_address>
         <size>0x2b3</size>
         <input_file_ref idref="fl-f"/>
      </object_component>
      <object_component id="oc-1d6">
         <name>.debug_info</name>
         <load_address>0x4368</load_address>
         <run_address>0x4368</run_address>
         <size>0x316</size>
         <input_file_ref idref="fl-f"/>
      </object_component>
      <object_component id="oc-240">
         <name>.debug_info</name>
         <load_address>0x467e</load_address>
         <run_address>0x467e</run_address>
         <size>0x27b</size>
         <input_file_ref idref="fl-f"/>
      </object_component>
      <object_component id="oc-215">
         <name>.debug_info</name>
         <load_address>0x48f9</load_address>
         <run_address>0x48f9</run_address>
         <size>0x279</size>
         <input_file_ref idref="fl-f"/>
      </object_component>
      <object_component id="oc-1f0">
         <name>.debug_info</name>
         <load_address>0x4b72</load_address>
         <run_address>0x4b72</run_address>
         <size>0x279</size>
         <input_file_ref idref="fl-f"/>
      </object_component>
      <object_component id="oc-11c">
         <name>.debug_info</name>
         <load_address>0x4deb</load_address>
         <run_address>0x4deb</run_address>
         <size>0x2b7</size>
         <input_file_ref idref="fl-f"/>
      </object_component>
      <object_component id="oc-1ea">
         <name>.debug_info</name>
         <load_address>0x50a2</load_address>
         <run_address>0x50a2</run_address>
         <size>0x280</size>
         <input_file_ref idref="fl-f"/>
      </object_component>
      <object_component id="oc-1aa">
         <name>.debug_info</name>
         <load_address>0x5322</load_address>
         <run_address>0x5322</run_address>
         <size>0x18b</size>
         <input_file_ref idref="fl-f"/>
      </object_component>
      <object_component id="oc-32b">
         <name>.debug_info</name>
         <load_address>0x54ad</load_address>
         <run_address>0x54ad</run_address>
         <size>0x20e</size>
         <input_file_ref idref="fl-10"/>
      </object_component>
      <object_component id="oc-337">
         <name>.debug_info</name>
         <load_address>0x56bb</load_address>
         <run_address>0x56bb</run_address>
         <size>0x210</size>
         <input_file_ref idref="fl-10"/>
      </object_component>
      <object_component id="oc-328">
         <name>.debug_info</name>
         <load_address>0x58cb</load_address>
         <run_address>0x58cb</run_address>
         <size>0x157</size>
         <input_file_ref idref="fl-10"/>
      </object_component>
      <object_component id="oc-256">
         <name>.debug_info</name>
         <load_address>0x5a22</load_address>
         <run_address>0x5a22</run_address>
         <size>0x2c1</size>
         <input_file_ref idref="fl-10"/>
      </object_component>
      <object_component id="oc-24d">
         <name>.debug_info</name>
         <load_address>0x5ce3</load_address>
         <run_address>0x5ce3</run_address>
         <size>0x23e</size>
         <input_file_ref idref="fl-10"/>
      </object_component>
      <object_component id="oc-277">
         <name>.debug_info</name>
         <load_address>0x5f21</load_address>
         <run_address>0x5f21</run_address>
         <size>0x268</size>
         <input_file_ref idref="fl-10"/>
      </object_component>
      <object_component id="oc-1b7">
         <name>.debug_info</name>
         <load_address>0x6189</load_address>
         <run_address>0x6189</run_address>
         <size>0x1ed</size>
         <input_file_ref idref="fl-11"/>
      </object_component>
      <object_component id="oc-df">
         <name>.debug_info</name>
         <load_address>0x6376</load_address>
         <run_address>0x6376</run_address>
         <size>0x2f6</size>
         <input_file_ref idref="fl-11"/>
      </object_component>
      <object_component id="oc-20d">
         <name>.debug_info</name>
         <load_address>0x666c</load_address>
         <run_address>0x666c</run_address>
         <size>0x2c4</size>
         <input_file_ref idref="fl-11"/>
      </object_component>
      <object_component id="oc-201">
         <name>.debug_info</name>
         <load_address>0x6930</load_address>
         <run_address>0x6930</run_address>
         <size>0x2b6</size>
         <input_file_ref idref="fl-11"/>
      </object_component>
      <object_component id="oc-206">
         <name>.debug_info</name>
         <load_address>0x6be6</load_address>
         <run_address>0x6be6</run_address>
         <size>0x276</size>
         <input_file_ref idref="fl-11"/>
      </object_component>
      <object_component id="oc-1f4">
         <name>.debug_info</name>
         <load_address>0x6e5c</load_address>
         <run_address>0x6e5c</run_address>
         <size>0x278</size>
         <input_file_ref idref="fl-11"/>
      </object_component>
      <object_component id="oc-1fa">
         <name>.debug_info</name>
         <load_address>0x70d4</load_address>
         <run_address>0x70d4</run_address>
         <size>0x2b3</size>
         <input_file_ref idref="fl-11"/>
      </object_component>
      <object_component id="oc-1b1">
         <name>.debug_info</name>
         <load_address>0x7387</load_address>
         <run_address>0x7387</run_address>
         <size>0x1e8</size>
         <input_file_ref idref="fl-12"/>
      </object_component>
      <object_component id="oc-cd">
         <name>.debug_info</name>
         <load_address>0x756f</load_address>
         <run_address>0x756f</run_address>
         <size>0x250</size>
         <input_file_ref idref="fl-12"/>
      </object_component>
      <object_component id="oc-231">
         <name>.debug_info</name>
         <load_address>0x77bf</load_address>
         <run_address>0x77bf</run_address>
         <size>0x252</size>
         <input_file_ref idref="fl-12"/>
      </object_component>
      <object_component id="oc-22c">
         <name>.debug_info</name>
         <load_address>0x7a11</load_address>
         <run_address>0x7a11</run_address>
         <size>0x2cc</size>
         <input_file_ref idref="fl-12"/>
      </object_component>
      <object_component id="oc-d5">
         <name>.debug_info</name>
         <load_address>0x7cdd</load_address>
         <run_address>0x7cdd</run_address>
         <size>0x28b</size>
         <input_file_ref idref="fl-12"/>
      </object_component>
      <object_component id="oc-c8">
         <name>.debug_info</name>
         <load_address>0x7f68</load_address>
         <run_address>0x7f68</run_address>
         <size>0x24d</size>
         <input_file_ref idref="fl-12"/>
      </object_component>
      <object_component id="oc-237">
         <name>.debug_info</name>
         <load_address>0x81b5</load_address>
         <run_address>0x81b5</run_address>
         <size>0x23f</size>
         <input_file_ref idref="fl-12"/>
      </object_component>
      <object_component id="oc-219">
         <name>.debug_info</name>
         <load_address>0x83f4</load_address>
         <run_address>0x83f4</run_address>
         <size>0x241</size>
         <input_file_ref idref="fl-12"/>
      </object_component>
      <object_component id="oc-21f">
         <name>.debug_info</name>
         <load_address>0x8635</load_address>
         <run_address>0x8635</run_address>
         <size>0x2cd</size>
         <input_file_ref idref="fl-12"/>
      </object_component>
      <object_component id="oc-1d3">
         <name>.debug_info</name>
         <load_address>0x8902</load_address>
         <run_address>0x8902</run_address>
         <size>0x298</size>
         <input_file_ref idref="fl-13"/>
      </object_component>
      <object_component id="oc-30b">
         <name>.debug_info</name>
         <load_address>0x8b9a</load_address>
         <run_address>0x8b9a</run_address>
         <size>0x14d</size>
         <input_file_ref idref="fl-13"/>
      </object_component>
      <object_component id="oc-116">
         <name>.debug_info</name>
         <load_address>0x8ce7</load_address>
         <run_address>0x8ce7</run_address>
         <size>0x27d</size>
         <input_file_ref idref="fl-13"/>
      </object_component>
      <object_component id="oc-1e4">
         <name>.debug_info</name>
         <load_address>0x8f64</load_address>
         <run_address>0x8f64</run_address>
         <size>0x263</size>
         <input_file_ref idref="fl-13"/>
      </object_component>
      <object_component id="oc-227">
         <name>.debug_info</name>
         <load_address>0x91c7</load_address>
         <run_address>0x91c7</run_address>
         <size>0x2b5</size>
         <input_file_ref idref="fl-13"/>
      </object_component>
      <object_component id="oc-2f5">
         <name>.debug_info</name>
         <load_address>0x947c</load_address>
         <run_address>0x947c</run_address>
         <size>0x5f</size>
         <input_file_ref idref="fl-13"/>
      </object_component>
      <object_component id="oc-1b5">
         <name>.debug_info</name>
         <load_address>0x94db</load_address>
         <run_address>0x94db</run_address>
         <size>0x223</size>
         <input_file_ref idref="fl-14"/>
      </object_component>
      <object_component id="oc-3aa">
         <name>.debug_info</name>
         <load_address>0x96fe</load_address>
         <run_address>0x96fe</run_address>
         <size>0x15a</size>
         <input_file_ref idref="fl-14"/>
      </object_component>
      <object_component id="oc-3ad">
         <name>.debug_info</name>
         <load_address>0x9858</load_address>
         <run_address>0x9858</run_address>
         <size>0x16c</size>
         <input_file_ref idref="fl-14"/>
      </object_component>
      <object_component id="oc-26f">
         <name>.debug_info</name>
         <load_address>0x99c4</load_address>
         <run_address>0x99c4</run_address>
         <size>0x2ba</size>
         <input_file_ref idref="fl-14"/>
      </object_component>
      <object_component id="oc-33b">
         <name>.debug_info</name>
         <load_address>0x9c7e</load_address>
         <run_address>0x9c7e</run_address>
         <size>0x2eb</size>
         <input_file_ref idref="fl-14"/>
      </object_component>
      <object_component id="oc-27b">
         <name>.debug_info</name>
         <load_address>0x9f69</load_address>
         <run_address>0x9f69</run_address>
         <size>0x2e4</size>
         <input_file_ref idref="fl-14"/>
      </object_component>
      <object_component id="oc-281">
         <name>.debug_info</name>
         <load_address>0xa24d</load_address>
         <run_address>0xa24d</run_address>
         <size>0x294</size>
         <input_file_ref idref="fl-14"/>
      </object_component>
      <object_component id="oc-d9">
         <name>.debug_info</name>
         <load_address>0xa4e1</load_address>
         <run_address>0xa4e1</run_address>
         <size>0x292</size>
         <input_file_ref idref="fl-14"/>
      </object_component>
      <object_component id="oc-287">
         <name>.debug_info</name>
         <load_address>0xa773</load_address>
         <run_address>0xa773</run_address>
         <size>0x27f</size>
         <input_file_ref idref="fl-14"/>
      </object_component>
      <object_component id="oc-263">
         <name>.debug_info</name>
         <load_address>0xa9f2</load_address>
         <run_address>0xa9f2</run_address>
         <size>0x281</size>
         <input_file_ref idref="fl-14"/>
      </object_component>
      <object_component id="oc-26a">
         <name>.debug_info</name>
         <load_address>0xac73</load_address>
         <run_address>0xac73</run_address>
         <size>0x28c</size>
         <input_file_ref idref="fl-14"/>
      </object_component>
      <object_component id="oc-1b9">
         <name>.debug_info</name>
         <load_address>0xaeff</load_address>
         <run_address>0xaeff</run_address>
         <size>0x227</size>
         <input_file_ref idref="fl-15"/>
      </object_component>
      <object_component id="oc-3a1">
         <name>.debug_info</name>
         <load_address>0xb126</load_address>
         <run_address>0xb126</run_address>
         <size>0x157</size>
         <input_file_ref idref="fl-15"/>
      </object_component>
      <object_component id="oc-3a4">
         <name>.debug_info</name>
         <load_address>0xb27d</load_address>
         <run_address>0xb27d</run_address>
         <size>0x169</size>
         <input_file_ref idref="fl-15"/>
      </object_component>
      <object_component id="oc-32e">
         <name>.debug_info</name>
         <load_address>0xb3e6</load_address>
         <run_address>0xb3e6</run_address>
         <size>0x27e</size>
         <input_file_ref idref="fl-15"/>
      </object_component>
      <object_component id="oc-25d">
         <name>.debug_info</name>
         <load_address>0xb664</load_address>
         <run_address>0xb664</run_address>
         <size>0x2c3</size>
         <input_file_ref idref="fl-15"/>
      </object_component>
      <object_component id="oc-250">
         <name>.debug_info</name>
         <load_address>0xb927</load_address>
         <run_address>0xb927</run_address>
         <size>0x28f</size>
         <input_file_ref idref="fl-15"/>
      </object_component>
      <object_component id="oc-f7">
         <name>.debug_info</name>
         <load_address>0xbbb6</load_address>
         <run_address>0xbbb6</run_address>
         <size>0x28d</size>
         <input_file_ref idref="fl-15"/>
      </object_component>
      <object_component id="oc-319">
         <name>.debug_info</name>
         <load_address>0xbe43</load_address>
         <run_address>0xbe43</run_address>
         <size>0x247</size>
         <input_file_ref idref="fl-15"/>
      </object_component>
      <object_component id="oc-313">
         <name>.debug_info</name>
         <load_address>0xc08a</load_address>
         <run_address>0xc08a</run_address>
         <size>0x249</size>
         <input_file_ref idref="fl-15"/>
      </object_component>
      <object_component id="oc-244">
         <name>.debug_info</name>
         <load_address>0xc2d3</load_address>
         <run_address>0xc2d3</run_address>
         <size>0x326</size>
         <input_file_ref idref="fl-15"/>
      </object_component>
      <object_component id="oc-eb">
         <name>.debug_info</name>
         <load_address>0xc5f9</load_address>
         <run_address>0xc5f9</run_address>
         <size>0x273</size>
         <input_file_ref idref="fl-15"/>
      </object_component>
      <object_component id="oc-e5">
         <name>.debug_info</name>
         <load_address>0xc86c</load_address>
         <run_address>0xc86c</run_address>
         <size>0x263</size>
         <input_file_ref idref="fl-15"/>
      </object_component>
      <object_component id="oc-321">
         <name>.debug_info</name>
         <load_address>0xcacf</load_address>
         <run_address>0xcacf</run_address>
         <size>0x212</size>
         <input_file_ref idref="fl-16"/>
      </object_component>
      <object_component id="oc-2b7">
         <name>.debug_info</name>
         <load_address>0xcce1</load_address>
         <run_address>0xcce1</run_address>
         <size>0x36a</size>
         <input_file_ref idref="fl-cc"/>
      </object_component>
      <object_component id="oc-160">
         <name>.debug_info</name>
         <load_address>0xd04b</load_address>
         <run_address>0xd04b</run_address>
         <size>0x79f</size>
         <input_file_ref idref="fl-cc"/>
      </object_component>
      <object_component id="oc-367">
         <name>.debug_info</name>
         <load_address>0xd7ea</load_address>
         <run_address>0xd7ea</run_address>
         <size>0x46</size>
         <input_file_ref idref="fl-cc"/>
      </object_component>
      <object_component id="oc-2b0">
         <name>.debug_info</name>
         <load_address>0xd830</load_address>
         <run_address>0xd830</run_address>
         <size>0x39</size>
         <input_file_ref idref="fl-cc"/>
      </object_component>
      <object_component id="oc-2af">
         <name>.debug_info</name>
         <load_address>0xd869</load_address>
         <run_address>0xd869</run_address>
         <size>0x36a</size>
         <input_file_ref idref="fl-cd"/>
      </object_component>
      <object_component id="oc-153">
         <name>.debug_info</name>
         <load_address>0xdbd3</load_address>
         <run_address>0xdbd3</run_address>
         <size>0x79a</size>
         <input_file_ref idref="fl-cd"/>
      </object_component>
      <object_component id="oc-15a">
         <name>.debug_info</name>
         <load_address>0xe36d</load_address>
         <run_address>0xe36d</run_address>
         <size>0x150</size>
         <input_file_ref idref="fl-ce"/>
      </object_component>
      <object_component id="oc-2a0">
         <name>.debug_info</name>
         <load_address>0xe4bd</load_address>
         <run_address>0xe4bd</run_address>
         <size>0x12c</size>
         <input_file_ref idref="fl-cf"/>
      </object_component>
      <object_component id="oc-354">
         <name>.debug_info</name>
         <load_address>0xe5e9</load_address>
         <run_address>0xe5e9</run_address>
         <size>0x12e</size>
         <input_file_ref idref="fl-cf"/>
      </object_component>
      <object_component id="oc-143">
         <name>.debug_info</name>
         <load_address>0xe717</load_address>
         <run_address>0xe717</run_address>
         <size>0x13e</size>
         <input_file_ref idref="fl-d0"/>
      </object_component>
      <object_component id="oc-13f">
         <name>.debug_info</name>
         <load_address>0xe855</load_address>
         <run_address>0xe855</run_address>
         <size>0x13e</size>
         <input_file_ref idref="fl-d1"/>
      </object_component>
      <object_component id="oc-295">
         <name>.debug_info</name>
         <load_address>0xe993</load_address>
         <run_address>0xe993</run_address>
         <size>0x132</size>
         <input_file_ref idref="fl-d2"/>
      </object_component>
      <object_component id="oc-148">
         <name>.debug_info</name>
         <load_address>0xeac5</load_address>
         <run_address>0xeac5</run_address>
         <size>0x142</size>
         <input_file_ref idref="fl-d3"/>
      </object_component>
      <object_component id="oc-14d">
         <name>.debug_info</name>
         <load_address>0xec07</load_address>
         <run_address>0xec07</run_address>
         <size>0x130</size>
         <input_file_ref idref="fl-d4"/>
      </object_component>
      <object_component id="oc-139">
         <name>.debug_info</name>
         <load_address>0xed37</load_address>
         <run_address>0xed37</run_address>
         <size>0x130</size>
         <input_file_ref idref="fl-d5"/>
      </object_component>
      <object_component id="oc-8d">
         <name>.debug_info</name>
         <load_address>0xee67</load_address>
         <run_address>0xee67</run_address>
         <size>0x14b</size>
         <input_file_ref idref="fl-d6"/>
      </object_component>
      <object_component id="oc-8b">
         <name>.debug_info</name>
         <load_address>0xefb2</load_address>
         <run_address>0xefb2</run_address>
         <size>0x2d8</size>
         <input_file_ref idref="fl-d7"/>
      </object_component>
      <object_component id="oc-4e">
         <name>.debug_info</name>
         <load_address>0xf28a</load_address>
         <run_address>0xf28a</run_address>
         <size>0x1b9</size>
         <input_file_ref idref="fl-d7"/>
      </object_component>
      <object_component id="oc-86">
         <name>.debug_info</name>
         <load_address>0xf443</load_address>
         <run_address>0xf443</run_address>
         <size>0x46</size>
         <input_file_ref idref="fl-d7"/>
      </object_component>
      <object_component id="oc-b7">
         <name>.debug_info</name>
         <load_address>0xf489</load_address>
         <run_address>0xf489</run_address>
         <size>0x2c</size>
         <input_file_ref idref="fl-d7"/>
      </object_component>
      <object_component id="oc-43">
         <name>.debug_info</name>
         <load_address>0xf4b5</load_address>
         <run_address>0xf4b5</run_address>
         <size>0x2ac</size>
         <input_file_ref idref="fl-d8"/>
      </object_component>
      <object_component id="oc-1b">
         <name>.debug_info</name>
         <load_address>0xf761</load_address>
         <run_address>0xf761</run_address>
         <size>0x1ee</size>
         <input_file_ref idref="fl-d8"/>
      </object_component>
      <object_component id="oc-3e">
         <name>.debug_info</name>
         <load_address>0xf94f</load_address>
         <run_address>0xf94f</run_address>
         <size>0x46</size>
         <input_file_ref idref="fl-d8"/>
      </object_component>
      <object_component id="oc-7e">
         <name>.debug_info</name>
         <load_address>0xf995</load_address>
         <run_address>0xf995</run_address>
         <size>0x2c</size>
         <input_file_ref idref="fl-d8"/>
      </object_component>
      <object_component id="oc-7c">
         <name>.debug_info</name>
         <load_address>0xf9c1</load_address>
         <run_address>0xf9c1</run_address>
         <size>0x2a2</size>
         <input_file_ref idref="fl-d9"/>
      </object_component>
      <object_component id="oc-16">
         <name>.debug_info</name>
         <load_address>0xfc63</load_address>
         <run_address>0xfc63</run_address>
         <size>0x254</size>
         <input_file_ref idref="fl-d9"/>
      </object_component>
      <object_component id="oc-2e">
         <name>.debug_info</name>
         <load_address>0xfeb7</load_address>
         <run_address>0xfeb7</run_address>
         <size>0x60</size>
         <input_file_ref idref="fl-d9"/>
      </object_component>
      <object_component id="oc-b0">
         <name>.debug_info</name>
         <load_address>0xff17</load_address>
         <run_address>0xff17</run_address>
         <size>0x46</size>
         <input_file_ref idref="fl-d9"/>
      </object_component>
      <object_component id="oc-77">
         <name>.debug_info</name>
         <load_address>0xff5d</load_address>
         <run_address>0xff5d</run_address>
         <size>0x39</size>
         <input_file_ref idref="fl-d9"/>
      </object_component>
      <object_component id="oc-22">
         <name>.debug_info</name>
         <load_address>0xff96</load_address>
         <run_address>0xff96</run_address>
         <size>0x10f</size>
         <input_file_ref idref="fl-da"/>
      </object_component>
      <object_component id="oc-58">
         <name>.debug_info</name>
         <load_address>0x100a5</load_address>
         <run_address>0x100a5</run_address>
         <size>0x1ad</size>
         <input_file_ref idref="fl-da"/>
      </object_component>
      <object_component id="oc-35c">
         <name>.debug_info</name>
         <load_address>0x10252</load_address>
         <run_address>0x10252</run_address>
         <size>0x3ae</size>
         <input_file_ref idref="fl-db"/>
      </object_component>
      <object_component id="oc-359">
         <name>.debug_info</name>
         <load_address>0x10600</load_address>
         <run_address>0x10600</run_address>
         <size>0x13e</size>
         <input_file_ref idref="fl-db"/>
      </object_component>
      <object_component id="oc-2a3">
         <name>.debug_info</name>
         <load_address>0x1073e</load_address>
         <run_address>0x1073e</run_address>
         <size>0x733</size>
         <input_file_ref idref="fl-db"/>
      </object_component>
      <object_component id="oc-3c7">
         <name>.debug_info</name>
         <load_address>0x10e71</load_address>
         <run_address>0x10e71</run_address>
         <size>0x39</size>
         <input_file_ref idref="fl-db"/>
      </object_component>
      <object_component id="oc-35e">
         <name>.debug_info</name>
         <load_address>0x10eaa</load_address>
         <run_address>0x10eaa</run_address>
         <size>0x2c</size>
         <input_file_ref idref="fl-db"/>
      </object_component>
      <object_component id="oc-364">
         <name>.debug_info</name>
         <load_address>0x10ed6</load_address>
         <run_address>0x10ed6</run_address>
         <size>0x291</size>
         <input_file_ref idref="fl-dc"/>
      </object_component>
      <object_component id="oc-2a9">
         <name>.debug_info</name>
         <load_address>0x11167</load_address>
         <run_address>0x11167</run_address>
         <size>0x32b</size>
         <input_file_ref idref="fl-dc"/>
      </object_component>
      <object_component id="oc-345">
         <name>.debug_info</name>
         <load_address>0x11492</load_address>
         <run_address>0x11492</run_address>
         <size>0x296</size>
         <input_file_ref idref="fl-dd"/>
      </object_component>
      <object_component id="oc-298">
         <name>.debug_info</name>
         <load_address>0x11728</load_address>
         <run_address>0x11728</run_address>
         <size>0x384</size>
         <input_file_ref idref="fl-dd"/>
      </object_component>
      <object_component id="oc-3c1">
         <name>.debug_info</name>
         <load_address>0x11aac</load_address>
         <run_address>0x11aac</run_address>
         <size>0x293</size>
         <input_file_ref idref="fl-de"/>
      </object_component>
      <object_component id="oc-34e">
         <name>.debug_info</name>
         <load_address>0x11d3f</load_address>
         <run_address>0x11d3f</run_address>
         <size>0x22e</size>
         <input_file_ref idref="fl-de"/>
      </object_component>
      <object_component id="oc-3bf">
         <name>.debug_info</name>
         <load_address>0x11f6d</load_address>
         <run_address>0x11f6d</run_address>
         <size>0x301</size>
         <input_file_ref idref="fl-df"/>
      </object_component>
      <object_component id="oc-348">
         <name>.debug_info</name>
         <load_address>0x1226e</load_address>
         <run_address>0x1226e</run_address>
         <size>0x229</size>
         <input_file_ref idref="fl-df"/>
      </object_component>
      <object_component id="oc-3b9">
         <name>.debug_info</name>
         <load_address>0x12497</load_address>
         <run_address>0x12497</run_address>
         <size>0x165</size>
         <input_file_ref idref="fl-e0"/>
      </object_component>
      <object_component id="oc-3b">
         <name>.debug_info</name>
         <load_address>0x125fc</load_address>
         <run_address>0x125fc</run_address>
         <size>0x11d</size>
         <input_file_ref idref="fl-e1"/>
      </object_component>
      <object_component id="oc-2c3">
         <name>.debug_info</name>
         <load_address>0x12719</load_address>
         <run_address>0x12719</run_address>
         <size>0x4b7</size>
         <input_file_ref idref="fl-e2"/>
      </object_component>
      <object_component id="oc-177">
         <name>.debug_info</name>
         <load_address>0x12bd0</load_address>
         <run_address>0x12bd0</run_address>
         <size>0x1aa</size>
         <input_file_ref idref="fl-e2"/>
      </object_component>
      <object_component id="oc-37e">
         <name>.debug_info</name>
         <load_address>0x12d7a</load_address>
         <run_address>0x12d7a</run_address>
         <size>0x39</size>
         <input_file_ref idref="fl-e2"/>
      </object_component>
      <object_component id="oc-3d1">
         <name>.debug_info</name>
         <load_address>0x12db3</load_address>
         <run_address>0x12db3</run_address>
         <size>0x39</size>
         <input_file_ref idref="fl-e2"/>
      </object_component>
      <object_component id="oc-383">
         <name>.debug_info</name>
         <load_address>0x12dec</load_address>
         <run_address>0x12dec</run_address>
         <size>0x39</size>
         <input_file_ref idref="fl-e2"/>
      </object_component>
      <object_component id="oc-388">
         <name>.debug_info</name>
         <load_address>0x12e25</load_address>
         <run_address>0x12e25</run_address>
         <size>0xcd</size>
         <input_file_ref idref="fl-e2"/>
      </object_component>
      <object_component id="oc-93">
         <name>.debug_info</name>
         <load_address>0x12ef2</load_address>
         <run_address>0x12ef2</run_address>
         <size>0x157</size>
         <input_file_ref idref="fl-e3"/>
      </object_component>
      <object_component id="oc-16a">
         <name>.debug_info</name>
         <load_address>0x13049</load_address>
         <run_address>0x13049</run_address>
         <size>0x126</size>
         <input_file_ref idref="fl-e5"/>
      </object_component>
      <object_component id="oc-3e9">
         <name>.debug_info</name>
         <load_address>0x1316f</load_address>
         <run_address>0x1316f</run_address>
         <size>0x28d</size>
         <input_file_ref idref="fl-e8"/>
      </object_component>
      <object_component id="oc-3e6">
         <name>.debug_info</name>
         <load_address>0x133fc</load_address>
         <run_address>0x133fc</run_address>
         <size>0x112</size>
         <input_file_ref idref="fl-e8"/>
      </object_component>
      <object_component id="oc-3b6">
         <name>.debug_info</name>
         <load_address>0x1350e</load_address>
         <run_address>0x1350e</run_address>
         <size>0x152</size>
         <input_file_ref idref="fl-e8"/>
      </object_component>
      <object_component id="oc-420">
         <name>.debug_info</name>
         <load_address>0x13660</load_address>
         <run_address>0x13660</run_address>
         <size>0x9d</size>
      </object_component>
      <object_component id="oc-1a8">
         <name>.debug_line</name>
         <load_address>0x0</load_address>
         <run_address>0x0</run_address>
         <size>0xc3</size>
         <input_file_ref idref="fl-2"/>
      </object_component>
      <object_component id="oc-12a">
         <name>.debug_line</name>
         <load_address>0xc3</load_address>
         <run_address>0xc3</run_address>
         <size>0x66</size>
         <input_file_ref idref="fl-2"/>
      </object_component>
      <object_component id="oc-70">
         <name>.debug_line</name>
         <load_address>0x129</load_address>
         <run_address>0x129</run_address>
         <size>0x6f</size>
         <input_file_ref idref="fl-2"/>
      </object_component>
      <object_component id="oc-1ce">
         <name>.debug_line</name>
[...]
      </symbol>
      <symbol id="sm-11b">
         <name>wh2</name>
         <value>0x20002e2c</value>
      </symbol>
      <symbol id="sm-11c">
         <name>state1</name>
         <value>0x200053dd</value>
      </symbol>
      <symbol id="sm-11d">
         <name>t1</name>
         <value>0x200053cc</value>
      </symbol>
      <symbol id="sm-11e">
         <name>t2</name>
         <value>0x200053d0</value>
      </symbol>
      <symbol id="sm-11f">
         <name>Uart_ISR</name>
         <value>0xbd9</value>
         <object_component_ref idref="oc-98"/>
      </symbol>
      <symbol id="sm-120">
         <name>kp2</name>
         <value>0x200055fc</value>
         <object_component_ref idref="oc-ff"/>
      </symbol>
      <symbol id="sm-121">
         <name>kp1</name>
         <value>0x200055f4</value>
         <object_component_ref idref="oc-ff"/>
      </symbol>
      <symbol id="sm-122">
         <name>store_ptr</name>
         <value>0x20005618</value>
         <object_component_ref idref="oc-ff"/>
      </symbol>
      <symbol id="sm-123">
         <name>ki2</name>
         <value>0x20005600</value>
         <object_component_ref idref="oc-ff"/>
      </symbol>
      <symbol id="sm-124">
         <name>ki1</name>
         <value>0x200055f8</value>
         <object_component_ref idref="oc-ff"/>
      </symbol>
      <symbol id="sm-125">
         <name>t</name>
         <value>0x200055f0</value>
         <object_component_ref idref="oc-ff"/>
      </symbol>
      <symbol id="sm-126">
         <name>theta</name>
         <value>0x20005610</value>
         <object_component_ref idref="oc-ff"/>
      </symbol>
      <symbol id="sm-127">
         <name>r2</name>
         <value>0x200055ec</value>
         <object_component_ref idref="oc-ff"/>
      </symbol>
      <symbol id="sm-128">
         <name>r1</name>
         <value>0x200055e8</value>
         <object_component_ref idref="oc-ff"/>
      </symbol>
      <symbol id="sm-129">
         <name>dtheta</name>
         <value>0x2000560c</value>
         <object_component_ref idref="oc-ff"/>
      </symbol>
      <symbol id="sm-12a">
         <name>send_ptr</name>
         <value>0x20005620</value>
         <object_component_ref idref="oc-ff"/>
      </symbol>
      <symbol id="sm-12b">
         <name>main</name>
         <value>0xd69</value>
         <object_component_ref idref="oc-98"/>
      </symbol>
      <symbol id="sm-12c">
         <name>m2</name>
         <value>0x200055e4</value>
         <object_component_ref idref="oc-ff"/>
      </symbol>
      <symbol id="sm-12d">
         <name>m1</name>
         <value>0x200055e0</value>
         <object_component_ref idref="oc-ff"/>
      </symbol>
      <symbol id="sm-12e">
         <name>lR</name>
         <value>0x20005608</value>
         <object_component_ref idref="oc-ff"/>
      </symbol>
      <symbol id="sm-12f">
         <name>lL</name>
         <value>0x20005604</value>
         <object_component_ref idref="oc-ff"/>
      </symbol>
      <symbol id="sm-130">
         <name>disp</name>
         <value>0x20005614</value>
         <object_component_ref idref="oc-ff"/>
      </symbol>
      <symbol id="sm-131">
         <name>PID_ISR</name>
         <value>0xa43</value>
         <object_component_ref idref="oc-98"/>
      </symbol>
      <symbol id="sm-132">
         <name>read_ptr</name>
         <value>0x2000561c</value>
         <object_component_ref idref="oc-ff"/>
      </symbol>
      <symbol id="sm-133">
         <name>Tim_ISR</name>
         <value>0x9a5</value>
         <object_component_ref idref="oc-98"/>
      </symbol>
      <symbol id="sm-148">
         <name>pwm_init</name>
         <value>0x2b9d</value>
         <object_component_ref idref="oc-11f"/>
      </symbol>
      <symbol id="sm-16a">
         <name>store</name>
         <value>0x2000026c</value>
      </symbol>
      <symbol id="sm-16b">
         <name>m</name>
         <value>0x20005630</value>
         <object_component_ref idref="oc-1c4"/>
      </symbol>
      <symbol id="sm-16c">
         <name>send_float</name>
         <value>0x2551</value>
         <object_component_ref idref="oc-f0"/>
      </symbol>
      <symbol id="sm-17f">
         <name>Timer_init</name>
         <value>0x2c69</value>
         <object_component_ref idref="oc-131"/>
      </symbol>
      <symbol id="sm-19b">
         <name>ResetISR</name>
         <value>0x365f</value>
         <object_component_ref idref="oc-24"/>
      </symbol>
      <symbol id="sm-19c">
         <name>g_pfnVectors</name>
         <value>0x0</value>
         <object_component_ref idref="oc-f"/>
      </symbol>
      <symbol id="sm-1b1">
         <name>uart_init</name>
         <value>0x2d25</value>
         <object_component_ref idref="oc-12b"/>
      </symbol>
      <symbol id="sm-208">
         <name>GPIOPinTypePWM</name>
         <value>0x356d</value>
         <object_component_ref idref="oc-1ed"/>
      </symbol>
      <symbol id="sm-209">
         <name>GPIOPinConfigure</name>
         <value>0x31e1</value>
         <object_component_ref idref="oc-1e7"/>
      </symbol>
      <symbol id="sm-20a">
         <name>GPIOPinTypeUART</name>
         <value>0x3591</value>
         <object_component_ref idref="oc-23d"/>
      </symbol>
      <symbol id="sm-20b">
         <name>GPIOPinTypeGPIOOutput</name>
         <value>0x34e5</value>
         <object_component_ref idref="oc-119"/>
      </symbol>
      <symbol id="sm-20c">
         <name>GPIODirModeSet</name>
         <value>0x343f</value>
         <object_component_ref idref="oc-1da"/>
      </symbol>
      <symbol id="sm-20d">
         <name>GPIOPinTypeQEI</name>
         <value>0x357f</value>
         <object_component_ref idref="oc-212"/>
      </symbol>
      <symbol id="sm-20e">
         <name>GPIOPinWrite</name>
         <value>0x36ad</value>
         <object_component_ref idref="oc-c0"/>
      </symbol>
      <symbol id="sm-20f">
         <name>GPIOPadConfigSet</name>
         <value>0x241f</value>
         <object_component_ref idref="oc-1d4"/>
      </symbol>
      <symbol id="sm-251">
         <name>IntEnable</name>
         <value>0x3065</value>
         <object_component_ref idref="oc-274"/>
      </symbol>
      <symbol id="sm-252">
         <name>IntRegister</name>
         <value>0x3375</value>
         <object_component_ref idref="oc-255"/>
      </symbol>
      <symbol id="sm-253">
         <name>g_pfnRAMVectors</name>
         <value>0x20000000</value>
         <object_component_ref idref="oc-327"/>
      </symbol>
      <symbol id="sm-254">
         <name>IntMasterEnable</name>
         <value>0x35c7</value>
         <object_component_ref idref="oc-249"/>
      </symbol>
      <symbol id="sm-289">
         <name>PWMGenPeriodSet</name>
         <value>0x35d7</value>
         <object_component_ref idref="oc-1ff"/>
      </symbol>
      <symbol id="sm-28a">
         <name>PWMGenDisable</name>
         <value>0x363b</value>
         <object_component_ref idref="oc-1f3"/>
      </symbol>
      <symbol id="sm-28b">
         <name>PWMPulseWidthSet</name>
         <value>0x34ad</value>
         <object_component_ref idref="oc-de"/>
      </symbol>
      <symbol id="sm-28c">
         <name>PWMOutputState</name>
         <value>0x35a3</value>
         <object_component_ref idref="oc-20b"/>
      </symbol>
      <symbol id="sm-28d">
         <name>PWMGenEnable</name>
         <value>0x3647</value>
         <object_component_ref idref="oc-205"/>
      </symbol>
      <symbol id="sm-28e">
         <name>PWMGenConfigure</name>
         <value>0x3469</value>
         <object_component_ref idref="oc-1f9"/>
      </symbol>
      <symbol id="sm-2d3">
         <name>QEIPositionGet</name>
         <value>0x36b9</value>
         <object_component_ref idref="oc-c6"/>
      </symbol>
      <symbol id="sm-2d4">
         <name>QEIVelocityGet</name>
         <value>0x36c1</value>
         <object_component_ref idref="oc-cc"/>
      </symbol>
      <symbol id="sm-2d5">
         <name>QEIVelocityConfigure</name>
         <value>0x35e7</value>
         <object_component_ref idref="oc-22a"/>
      </symbol>
      <symbol id="sm-2d6">
         <name>QEIDisable</name>
         <value>0x366b</value>
         <object_component_ref idref="oc-218"/>
      </symbol>
      <symbol id="sm-2d7">
         <name>QEIEnable</name>
         <value>0x3675</value>
         <object_component_ref idref="oc-236"/>
      </symbol>
      <symbol id="sm-2d8">
         <name>QEIPositionSet</name>
         <value>0x36bd</value>
         <object_component_ref idref="oc-d2"/>
      </symbol>
      <symbol id="sm-2d9">
         <name>QEIVelocityEnable</name>
         <value>0x367f</value>
         <object_component_ref idref="oc-230"/>
      </symbol>
      <symbol id="sm-2da">
         <name>QEIConfigure</name>
         <value>0x35f7</value>
         <object_component_ref idref="oc-21e"/>
      </symbol>
      <symbol id="sm-320">
         <name>SysCtlDelay</name>
         <value>0x36b3</value>
         <object_component_ref idref="oc-137"/>
      </symbol>
      <symbol id="sm-321">
         <name>SysCtlPeripheralEnable</name>
         <value>0x33a9</value>
         <object_component_ref idref="oc-113"/>
      </symbol>
      <symbol id="sm-322">
         <name>SysCtlClockGet</name>
         <value>0x2789</value>
         <object_component_ref idref="oc-224"/>
      </symbol>
      <symbol id="sm-323">
         <name>SysCtlPWMClockSet</name>
         <value>0x3545</value>
         <object_component_ref idref="oc-1e1"/>
      </symbol>
      <symbol id="sm-388">
         <name>TimerLoadSet</name>
         <value>0x35b5</value>
         <object_component_ref idref="oc-26e"/>
      </symbol>
      <symbol id="sm-389">
         <name>TimerDisable</name>
         <value>0x34fd</value>
         <object_component_ref idref="oc-262"/>
      </symbol>
      <symbol id="sm-38a">
         <name>TimerIntRegister</name>
         <value>0x3515</value>
         <object_component_ref idref="oc-27a"/>
      </symbol>
      <symbol id="sm-38b">
         <name>TimerEnable</name>
         <value>0x3605</value>
         <object_component_ref idref="oc-286"/>
      </symbol>
      <symbol id="sm-38c">
         <name>TimerIntEnable</name>
         <value>0x3693</value>
         <object_component_ref idref="oc-280"/>
      </symbol>
      <symbol id="sm-38d">
         <name>TimerConfigure</name>
         <value>0x3135</value>
         <object_component_ref idref="oc-268"/>
      </symbol>
      <symbol id="sm-38e">
         <name>TimerIntClear</name>
         <value>0x36c5</value>
         <object_component_ref idref="oc-d8"/>
      </symbol>
      <symbol id="sm-3f7">
         <name>UARTConfigSetExpClk</name>
         <value>0x3271</value>
         <object_component_ref idref="oc-243"/>
      </symbol>
      <symbol id="sm-3f8">
         <name>UARTDisable</name>
         <value>0x348d</value>
         <object_component_ref idref="oc-312"/>
      </symbol>
      <symbol id="sm-3f9">
         <name>UARTIntEnable</name>
         <value>0x369b</value>
         <object_component_ref idref="oc-24f"/>
      </symbol>
      <symbol id="sm-3fa">
         <name>UARTCharGetNonBlocking</name>
         <value>0x3613</value>
         <object_component_ref idref="oc-e4"/>
      </symbol>
      <symbol id="sm-3fb">
         <name>UARTCharPut</name>
         <value>0x3689</value>
         <object_component_ref idref="oc-ea"/>
      </symbol>
      <symbol id="sm-3fc">
         <name>UARTEnable</name>
         <value>0x3559</value>
         <object_component_ref idref="oc-318"/>
      </symbol>
      <symbol id="sm-3fd">
         <name>UARTIntClear</name>
         <value>0x36c9</value>
         <object_component_ref idref="oc-f6"/>
      </symbol>
      <symbol id="sm-3fe">
         <name>UARTIntRegister</name>
         <value>0x352d</value>
         <object_component_ref idref="oc-25b"/>
      </symbol>
      <symbol id="sm-408">
         <name>CPUcpsie</name>
         <value>0x362f</value>
         <object_component_ref idref="oc-31f"/>
      </symbol>
      <symbol id="sm-463">
         <name>cosl</name>
         <value>0x1051</value>
         <object_component_ref idref="oc-15d"/>
      </symbol>
      <symbol id="sm-464">
         <name>cos</name>
         <value>0x1051</value>
         <object_component_ref idref="oc-15d"/>
      </symbol>
      <symbol id="sm-4b0">
         <name>sin</name>
         <value>0x162d</value>
         <object_component_ref idref="oc-151"/>
      </symbol>
      <symbol id="sm-4b1">
         <name>sinl</name>
         <value>0x162d</value>
         <object_component_ref idref="oc-151"/>
      </symbol>
      <symbol id="sm-4c8">
         <name>__aeabi_dsub</name>
         <value>0x1e51</value>
         <object_component_ref idref="oc-157"/>
      </symbol>
      <symbol id="sm-4c9">
         <name>__aeabi_dadd</name>
         <value>0x1e5b</value>
         <object_component_ref idref="oc-157"/>
      </symbol>
      <symbol id="sm-4eb">
         <name>__aeabi_cdcmpeq</name>
         <value>0x2e71</value>
         <object_component_ref idref="oc-29d"/>
      </symbol>
      <symbol id="sm-4ec">
         <name>__aeabi_cdcmple</name>
         <value>0x2e71</value>
         <object_component_ref idref="oc-29d"/>
      </symbol>
      <symbol id="sm-4ed">
         <name>__aeabi_cdrcmple</name>
         <value>0x2ef7</value>
         <object_component_ref idref="oc-353"/>
      </symbol>
      <symbol id="sm-501">
         <name>__aeabi_ddiv</name>
         <value>0x22e9</value>
         <object_component_ref idref="oc-142"/>
      </symbol>
      <symbol id="sm-50c">
         <name>__aeabi_dmul</name>
         <value>0x29a9</value>
         <object_component_ref idref="oc-13d"/>
      </symbol>
      <symbol id="sm-516">
         <name>__aeabi_d2iz</name>
         <value>0x3229</value>
         <object_component_ref idref="oc-292"/>
      </symbol>
      <symbol id="sm-522">
         <name>__aeabi_d2f</name>
         <value>0x2ff7</value>
         <object_component_ref idref="oc-147"/>
      </symbol>
      <symbol id="sm-52d">
         <name>__aeabi_f2d</name>
         <value>0x333d</value>
         <object_component_ref idref="oc-14c"/>
      </symbol>
      <symbol id="sm-537">
         <name>__aeabi_i2d</name>
         <value>0x3411</value>
         <object_component_ref idref="oc-138"/>
      </symbol>
      <symbol id="sm-546">
         <name>__aeabi_memset</name>
         <value>0x2f7f</value>
         <object_component_ref idref="oc-8c"/>
      </symbol>
      <symbol id="sm-547">
         <name>memset</name>
         <value>0x2f85</value>
         <object_component_ref idref="oc-8c"/>
      </symbol>
      <symbol id="sm-548">
         <name>__aeabi_memset8</name>
         <value>0x2f7f</value>
         <object_component_ref idref="oc-8c"/>
      </symbol>
      <symbol id="sm-549">
         <name>__aeabi_memset4</name>
         <value>0x2f7f</value>
         <object_component_ref idref="oc-8c"/>
      </symbol>
      <symbol id="sm-54a">
         <name>__aeabi_memclr8</name>
         <value>0x2f7d</value>
         <object_component_ref idref="oc-8c"/>
      </symbol>
      <symbol id="sm-54b">
         <name>__aeabi_memclr4</name>
         <value>0x2f7d</value>
         <object_component_ref idref="oc-8c"/>
      </symbol>
      <symbol id="sm-54c">
         <name>__aeabi_memclr</name>
         <value>0x2f7d</value>
         <object_component_ref idref="oc-8c"/>
      </symbol>
      <symbol id="sm-563">
         <name>__TI_zero_init</name>
         <value>0x3653</value>
         <object_component_ref idref="oc-4a"/>
      </symbol>
      <symbol id="sm-57a">
         <name>__TI_decompress_none</name>
         <value>0x3621</value>
         <object_component_ref idref="oc-18"/>
      </symbol>
      <symbol id="sm-59d">
         <name>__TI_decompress_lzss</name>
         <value>0x30cd</value>
         <object_component_ref idref="oc-12"/>
      </symbol>
      <symbol id="sm-5b0">
         <name>__stack</name>
         <value>0x200053e0</value>
         <object_component_ref idref="oc-21"/>
      </symbol>
      <symbol id="sm-5b1">
         <name>_c_int00_noargs</name>
         <value>0x33dd</value>
         <object_component_ref idref="oc-56"/>
      </symbol>
      <symbol id="sm-621">
         <name>__kernel_rem_pio2</name>
         <value>0x26d</value>
         <object_component_ref idref="oc-2a2"/>
      </symbol>
      <symbol id="sm-637">
         <name>__kernel_cos</name>
         <value>0x217d</value>
         <object_component_ref idref="oc-2a8"/>
      </symbol>
      <symbol id="sm-64e">
         <name>__kernel_sin</name>
         <value>0x2009</value>
         <object_component_ref idref="oc-297"/>
      </symbol>
      <symbol id="sm-66b">
         <name>floorl</name>
         <value>0x2aa5</value>
         <object_component_ref idref="oc-34d"/>
      </symbol>
      <symbol id="sm-66c">
         <name>floor</name>
         <value>0x2aa5</value>
         <object_component_ref idref="oc-34d"/>
      </symbol>
      <symbol id="sm-689">
         <name>scalbn</name>
         <value>0x2899</value>
         <object_component_ref idref="oc-347"/>
      </symbol>
      <symbol id="sm-68a">
         <name>scalbnl</name>
         <value>0x2899</value>
         <object_component_ref idref="oc-347"/>
      </symbol>
      <symbol id="sm-68b">
         <name>ldexpl</name>
         <value>0x2899</value>
         <object_component_ref idref="oc-347"/>
      </symbol>
      <symbol id="sm-68c">
         <name>ldexp</name>
         <value>0x2899</value>
         <object_component_ref idref="oc-347"/>
      </symbol>
      <symbol id="sm-696">
         <name>copysign</name>
         <value>0x34cb</value>
         <object_component_ref idref="oc-3b8"/>
      </symbol>
      <symbol id="sm-697">
         <name>copysignl</name>
         <value>0x34cb</value>
         <object_component_ref idref="oc-3b8"/>
      </symbol>
      <symbol id="sm-6b2">
         <name>memcpy</name>
         <value>0x2dd5</value>
         <object_component_ref idref="oc-38"/>
      </symbol>
      <symbol id="sm-6b3">
         <name>__aeabi_memcpy</name>
         <value>0x2dd5</value>
         <object_component_ref idref="oc-38"/>
      </symbol>
      <symbol id="sm-6b4">
         <name>__aeabi_memcpy8</name>
         <value>0x2dd5</value>
         <object_component_ref idref="oc-38"/>
      </symbol>
      <symbol id="sm-6b5">
         <name>__aeabi_memcpy4</name>
         <value>0x2dd5</value>
         <object_component_ref idref="oc-38"/>
      </symbol>
      <symbol id="sm-6dd">
         <name>__TI_auto_init_nobinit_nopinit</name>
         <value>0x32b9</value>
         <object_component_ref idref="oc-175"/>
      </symbol>
      <symbol id="sm-6e7">
         <name>_system_pre_init</name>
         <value>0x36cd</value>
         <object_component_ref idref="oc-92"/>
      </symbol>
      <symbol id="sm-6f3">
         <name>C$$EXIT</name>
         <value>0x36d1</value>
         <object_component_ref idref="oc-169"/>
      </symbol>
      <symbol id="sm-6f4">
         <name>abort</name>
         <value>0x36d1</value>
         <object_component_ref idref="oc-169"/>
      </symbol>
      <symbol id="sm-70c">
         <name>__aeabi_errno_addr</name>
         <value>0x36a5</value>
         <object_component_ref idref="oc-3b2"/>
      </symbol>
      <symbol id="sm-70d">
         <name>errno</name>
         <value>0x2000562c</value>
         <object_component_ref idref="oc-3e5"/>
      </symbol>
      <symbol id="sm-70e">
         <name>__TI_static_base__</name>
         <value>0x0</value>
      </symbol>
      <symbol id="sm-711">
         <name>__mpu_init</name>
         <value>0x0</value>
      </symbol>
      <symbol id="sm-712">
         <name>_system_post_cinit</name>
         <value>0x0</value>
      </symbol>
   </symbol_table>
   <title>Link successful</title>
</link_info>
